MPLINK 4.38, Linker
Linker Map File - Created Fri Oct 07 10:48:18 2011

                                 Section Info
                  Section       Type    Address   Location Size(Bytes)
                ---------  ---------  ---------  ---------  ---------
               _entry_scn       code   0x000000    program   0x000006
    HIGH_INTERRUPT_VECTOR       code   0x000008    program   0x000006
     LOW_INTERRUPT_VECTOR       code   0x000018    program   0x000006
    REMAPPED_RESET_VECTOR       code   0x000800    program   0x000006
REMAPPED_HIGH_INTERRUPT_VECTOR       code   0x000808    program   0x000006
REMAPPED_LOW_INTERRUPT_VECTOR       code   0x000818    program   0x000006
                   .cinit    romdata   0x00082a    program   0x000026
             .code_main.o       code   0x000850    program   0x0024b2
       .code_usb_device.o       code   0x002d02    program   0x0010da
             .code_user.o       code   0x003ddc    program   0x000f96
         .code_vfprintf.o       code   0x004d72    program   0x000c22
                     PROG       code   0x005994    program   0x0006ec
      .code_max7219matt.o       code   0x006080    program   0x0005fe
                   STDLIB       code   0x00667e    program   0x0002de
                   STRING       code   0x00695c    program   0x0001f0
         .code_openxlcd.o       code   0x006b4c    program   0x0000de
.romdata_usb_descriptors.o    romdata   0x006c2a    program   0x0000ae
          .code_sprintf.o       code   0x006cd8    program   0x0000ac
               _cinit_scn       code   0x006d84    program   0x00009e
             .code_putc.o       code   0x006e22    program   0x000084
          .romdata_main.o    romdata   0x006ea6    program   0x000080
                    CTYPE       code   0x006f26    program   0x00007c
          .code_fxm3232.o       code   0x006fa2    program   0x000070
         .code_putrxlcd.o       code   0x007012    program   0x000068
         .code_spi_open.o       code   0x00707a    program   0x000064
         .code_setddram.o       code   0x0070de    program   0x000050
         .code_setcgram.o       code   0x00712e    program   0x000050
         .code_writdata.o       code   0x00717e    program   0x00004e
         .code_wcmdxlcd.o       code   0x0071cc    program   0x00004e
         .code_putsxlcd.o       code   0x00721a    program   0x00004e
         .code_fxd3232u.o       code   0x007268    program   0x000048
         .code_readdata.o       code   0x0072b0    program   0x000046
         .code_readaddr.o       code   0x0072f6    program   0x000046
         .code_busyxlcd.o       code   0x00733c    program   0x00003e
         .code_spi_writ.o       code   0x00737a    program   0x00003c
             D10KTCYXCODE       code   0x0073b6    program   0x00002e
         .code_fxd1616u.o       code   0x0073e4    program   0x00002c
              D1KTCYXCODE       code   0x007410    program   0x000020
                    .code       code   0x007430    program   0x000020
             _startup_scn       code   0x007450    program   0x00001c
                    STDIO       code   0x00746c    program   0x00001c
          .romdata_user.o    romdata   0x007488    program   0x000017
       .idata_fxm3232.o_i    romdata   0x00749f    program   0x000000
       .romdata_fxm3232.o    romdata   0x00749f    program   0x000000
      .romdata_fxd1616u.o    romdata   0x00749f    program   0x000000
      .romdata_readaddr.o    romdata   0x00749f    program   0x000000
      .romdata_setcgram.o    romdata   0x00749f    program   0x000000
      .idata_setddram.o_i    romdata   0x00749f    program   0x000000
      .romdata_spi_open.o    romdata   0x00749f    program   0x000000
      .idata_readdata.o_i    romdata   0x00749f    program   0x000000
      .romdata_writdata.o    romdata   0x00749f    program   0x000000
      .idata_fxd1616u.o_i    romdata   0x00749f    program   0x000000
      .idata_spi_writ.o_i    romdata   0x00749f    program   0x000000
      .idata_wcmdxlcd.o_i    romdata   0x00749f    program   0x000000
      .idata_putsxlcd.o_i    romdata   0x00749f    program   0x000000
          .idata_putc.o_i    romdata   0x00749f    program   0x000000
      .romdata_putrxlcd.o    romdata   0x00749f    program   0x000000
      .romdata_openxlcd.o    romdata   0x00749f    program   0x000000
        .idata___init.o_i    romdata   0x00749f    program   0x000000
      .romdata_busyxlcd.o    romdata   0x00749f    program   0x000000
      .idata_busyxlcd.o_i    romdata   0x00749f    program   0x000000
        .romdata___init.o    romdata   0x00749f    program   0x000000
.romdata_usb_function_generic.o    romdata   0x00749f    program   0x000000
.idata_usb_function_generic.o_i    romdata   0x00749f    program   0x000000
       .romdata_sprintf.o    romdata   0x00749f    program   0x000000
.idata_usb_descriptors.o_i    romdata   0x00749f    program   0x000000
              D10TCYXCODE       code   0x0074a0    program   0x000016
  .code_usb_descriptors.o       code   0x0074a0    program   0x000000
      .romdata_vfprintf.o    romdata   0x0074b6    program   0x000011
             .stringtable    romdata   0x0074c7    program   0x000008
      .idata_fxd3232u.o_i    romdata   0x0074cf    program   0x000000
       .idata_sprintf.o_i    romdata   0x0074cf    program   0x000000
      .romdata_fxd3232u.o    romdata   0x0074cf    program   0x000000
      .idata_vfprintf.o_i    romdata   0x0074cf    program   0x000000
      .idata_spi_open.o_i    romdata   0x0074cf    program   0x000000
          .romdata_putc.o    romdata   0x0074cf    program   0x000000
      .romdata_spi_writ.o    romdata   0x0074cf    program   0x000000
    .idata__user_putc.o_i    romdata   0x0074cf    program   0x000000
    .romdata__user_putc.o    romdata   0x0074cf    program   0x000000
         .idata_c018i.o_i    romdata   0x0074cf    program   0x000000
      .romdata_setddram.o    romdata   0x0074cf    program   0x000000
      .idata_setcgram.o_i    romdata   0x0074cf    program   0x000000
      .romdata_readdata.o    romdata   0x0074cf    program   0x000000
      .idata_readaddr.o_i    romdata   0x0074cf    program   0x000000
   .romdata_max7219matt.o    romdata   0x0074cf    program   0x000000
    .idata_usb_device.o_i    romdata   0x0074cf    program   0x000000
         .romdata_c018i.o    romdata   0x0074cf    program   0x000000
    .romdata_usb_device.o    romdata   0x0074cf    program   0x000000
      .idata_writdata.o_i    romdata   0x0074cf    program   0x000000
      .romdata_wcmdxlcd.o    romdata   0x0074cf    program   0x000000
      .romdata_putsxlcd.o    romdata   0x0074cf    program   0x000000
      .idata_putrxlcd.o_i    romdata   0x0074cf    program   0x000000
      .idata_openxlcd.o_i    romdata   0x0074cf    program   0x000000
       .code__user_putc.o       code   0x0074d0    program   0x000002
            .code_c018i.o       code   0x0074d0    program   0x000000
.code_usb_function_generic.o       code   0x0074d0    program   0x000000
           .code___init.o       code   0x0074d2    program   0x000002
          .idata_user.o_i    romdata   0x0074d4    program   0x0000ad
   .idata_max7219matt.o_i    romdata   0x007581    program   0x000028
          .idata_main.o_i    romdata   0x0075a9    program   0x000072
    .config_300000_main.o    romdata   0x300000    program   0x000001
    .config_300001_main.o    romdata   0x300001    program   0x000001
    .config_300002_main.o    romdata   0x300002    program   0x000001
    .config_300003_main.o    romdata   0x300003    program   0x000001
    .config_300005_main.o    romdata   0x300005    program   0x000001
    .config_300006_main.o    romdata   0x300006    program   0x000001
    .config_300008_main.o    romdata   0x300008    program   0x000001
    .config_300009_main.o    romdata   0x300009    program   0x000001
    .config_30000a_main.o    romdata   0x30000a    program   0x000001
    .config_30000b_main.o    romdata   0x30000b    program   0x000001
    .config_30000c_main.o    romdata   0x30000c    program   0x000001
    .config_30000d_main.o    romdata   0x30000d    program   0x000001
               eedata_scn    romdata   0xf00010    program   0x000004
                 .tmpdata      udata   0x000000       data   0x00001a
                MATH_DATA      udata   0x00001a       data   0x000014
YourHighPriorityISRCode_tmp      udata   0x00002e       data   0x000010
YourLowPriorityISRCode_tmp      udata   0x00003e       data   0x00000d
                DELAYDAT2      udata   0x00004b       data   0x000001
                DELAYDAT1      udata   0x00004c       data   0x000001
            .idata_main.o      idata   0x000060       data   0x000072
     .idata_max7219matt.o      idata   0x0000d2       data   0x000028
            .udata_user.o      udata   0x0000fa       data   0x000001
         .udata_fxm3232.o      udata   0x0000fb       data   0x000000
        .idata_fxd3232u.o      idata   0x0000fb       data   0x000000
        .udata_fxd3232u.o      udata   0x0000fb       data   0x000000
        .idata_fxd1616u.o      idata   0x0000fb       data   0x000000
        .udata_fxd1616u.o      udata   0x0000fb       data   0x000000
        .idata_setddram.o      idata   0x0000fb       data   0x000000
        .udata_setddram.o      udata   0x0000fb       data   0x000000
        .idata_setcgram.o      idata   0x0000fb       data   0x000000
        .udata_setcgram.o      udata   0x0000fb       data   0x000000
        .idata_readdata.o      idata   0x0000fb       data   0x000000
         .idata_fxm3232.o      idata   0x0000fb       data   0x000000
        .udata_spi_open.o      udata   0x0000fb       data   0x000000
        .idata_spi_open.o      idata   0x0000fb       data   0x000000
        .udata_spi_writ.o      udata   0x0000fb       data   0x000000
        .idata_spi_writ.o      idata   0x0000fb       data   0x000000
          .udata___init.o      udata   0x0000fb       data   0x000000
          .idata___init.o      idata   0x0000fb       data   0x000000
         .udata_sprintf.o      udata   0x0000fb       data   0x000000
         .idata_sprintf.o      idata   0x0000fb       data   0x000000
        .udata_vfprintf.o      udata   0x0000fb       data   0x000000
        .idata_vfprintf.o      idata   0x0000fb       data   0x000000
            .udata_putc.o      udata   0x0000fb       data   0x000000
            .idata_putc.o      idata   0x0000fb       data   0x000000
      .udata__user_putc.o      udata   0x0000fb       data   0x000000
      .idata__user_putc.o      idata   0x0000fb       data   0x000000
           .idata_c018i.o      idata   0x0000fb       data   0x000000
 .udata_usb_descriptors.o      udata   0x0000fb       data   0x000000
 .idata_usb_descriptors.o      idata   0x0000fb       data   0x000000
      .idata_usb_device.o      idata   0x0000fb       data   0x000000
.udata_usb_function_generic.o      udata   0x0000fb       data   0x000000
.idata_usb_function_generic.o      idata   0x0000fb       data   0x000000
        .udata_busyxlcd.o      udata   0x0000fb       data   0x000000
        .idata_busyxlcd.o      idata   0x0000fb       data   0x000000
        .udata_openxlcd.o      udata   0x0000fb       data   0x000000
        .idata_openxlcd.o      idata   0x0000fb       data   0x000000
        .udata_putrxlcd.o      udata   0x0000fb       data   0x000000
        .idata_putrxlcd.o      idata   0x0000fb       data   0x000000
        .udata_putsxlcd.o      udata   0x0000fb       data   0x000000
        .idata_putsxlcd.o      idata   0x0000fb       data   0x000000
        .udata_wcmdxlcd.o      udata   0x0000fb       data   0x000000
        .idata_wcmdxlcd.o      idata   0x0000fb       data   0x000000
        .udata_writdata.o      udata   0x0000fb       data   0x000000
        .idata_writdata.o      idata   0x0000fb       data   0x000000
        .udata_readdata.o      udata   0x0000fb       data   0x000000
     .udata_max7219matt.o      udata   0x0000fb       data   0x000000
        .udata_readaddr.o      udata   0x0000fb       data   0x000000
        .idata_readaddr.o      idata   0x0000fb       data   0x000000
            .idata_user.o      idata   0x000100       data   0x0000ad
            .udata_main.o      udata   0x0001ad       data   0x000037
           .udata_c018i.o      udata   0x0001e4       data   0x00000a
      .udata_usb_device.o      udata   0x000200       data   0x000027
                   .stack      udata   0x000300       data   0x000100
                  USB_BDT      udata   0x000400       data   0x000020
            USB_VARIABLES      udata   0x000500       data   0x000080
            SFR_UNBANKED0      udata   0x000f62       data   0x00009e



                              Program Memory Usage 
                               Start         End      
                           ---------   ---------      
                            0x000000    0x000005      
                            0x000008    0x00000d      
                            0x000018    0x00001d      
                            0x000800    0x000805      
                            0x000808    0x00080d      
                            0x000818    0x00081d      
                            0x00082a    0x00749e      
                            0x0074a0    0x0074ce      
                            0x0074d0    0x00761a      
                            0x300000    0x300003      
                            0x300005    0x300006      
                            0x300008    0x30000d      
                            0xf00010    0xf00013      
            28195 out of 33048 program addresses used, program memory utilization is 85%



                              Symbols - Sorted by Name
                     Name    Address   Location    Storage File                     
                ---------  ---------  ---------  --------- ---------                
              Adjust_text   0x006f04    program     extern E:\Work\PRODUCTS\PEDALOG\PIC program\USB Pedalog_2010_12_23\main.c
           BlinkUSBStatus   0x004b3c    program     extern E:\Work\PRODUCTS\PEDALOG\PIC program\USB Pedalog_2010_12_23\user.c
                 BusyXLCD   0x00733c    program     extern C:\Program Files\Microchip\mplabc18\v3.37\src\pmc_common\XLCD\busyxlcd.c
            ConvertIntStr   0x002428    program     extern E:\Work\PRODUCTS\PEDALOG\PIC program\USB Pedalog_2010_12_23\main.c
         ConvertSecondStr   0x00286c    program     extern E:\Work\PRODUCTS\PEDALOG\PIC program\USB Pedalog_2010_12_23\main.c
           ConvertTimeStr   0x002bc6    program     extern E:\Work\PRODUCTS\PEDALOG\PIC program\USB Pedalog_2010_12_23\main.c
      ConvertkWhtodisplay   0x002c54    program     extern E:\Work\PRODUCTS\PEDALOG\PIC program\USB Pedalog_2010_12_23\main.c
                   D10K_1   0x0073c2    program     static C:\Program Files\Microchip\mplabc18\v3.37\src\traditional\delays\d10ktcyx.asm
                    D10Kl   0x0073ce    program     static C:\Program Files\Microchip\mplabc18\v3.37\src\traditional\delays\d10ktcyx.asm
                    D10Kx   0x0073c0    program     static C:\Program Files\Microchip\mplabc18\v3.37\src\traditional\delays\d10ktcyx.asm
                    D10_1   0x0074b0    program     static C:\Program Files\Microchip\mplabc18\v3.37\src\traditional\delays\d10tcyx.asm
                     D10x   0x0074a8    program     static C:\Program Files\Microchip\mplabc18\v3.37\src\traditional\delays\d10tcyx.asm
                   D1616S   0x005cc4    program     static C:\Program Files\Microchip\mplabc18\v3.37\src\traditional\math\fxd1616s.asm
                D1616SNEG   0x005cd2    program     static C:\Program Files\Microchip\mplabc18\v3.37\src\traditional\math\fxd1616s.asm
                 D1616SOK   0x005cce    program     static C:\Program Files\Microchip\mplabc18\v3.37\src\traditional\math\fxd1616s.asm
                  D1616SX   0x005ce4    program     static C:\Program Files\Microchip\mplabc18\v3.37\src\traditional\math\fxd1616s.asm
                    D1K_1   0x00741c    program     static C:\Program Files\Microchip\mplabc18\v3.37\src\traditional\delays\d1ktcyx.asm
                     D1Kx   0x00741a    program     static C:\Program Files\Microchip\mplabc18\v3.37\src\traditional\delays\d1ktcyx.asm
                  DA1616S   0x005cb4    program     static C:\Program Files\Microchip\mplabc18\v3.37\src\traditional\math\fxd1616s.asm
             Delay10KTCYx   0x0073b6    program     extern C:\Program Files\Microchip\mplabc18\v3.37\src\traditional\delays\d10ktcyx.asm
              Delay10TCYx   0x0074a0    program     extern C:\Program Files\Microchip\mplabc18\v3.37\src\traditional\delays\d10tcyx.asm
              Delay1KTCYx   0x007410    program     extern C:\Program Files\Microchip\mplabc18\v3.37\src\traditional\delays\d1ktcyx.asm
            DelayFor18TCY   0x004bc0    program     extern E:\Work\PRODUCTS\PEDALOG\PIC program\USB Pedalog_2010_12_23\user.c
             DelayPORXLCD   0x004bce    program     extern E:\Work\PRODUCTS\PEDALOG\PIC program\USB Pedalog_2010_12_23\user.c
                DelayXLCD   0x004bdc    program     extern E:\Work\PRODUCTS\PEDALOG\PIC program\USB Pedalog_2010_12_23\user.c
                E_Wh_unit   0x006ec5    program     extern E:\Work\PRODUCTS\PEDALOG\PIC program\USB Pedalog_2010_12_23\main.c
               E_kWh_unit   0x006ec8    program     extern E:\Work\PRODUCTS\PEDALOG\PIC program\USB Pedalog_2010_12_23\main.c
                   E_text   0x006ebd    program     extern E:\Work\PRODUCTS\PEDALOG\PIC program\USB Pedalog_2010_12_23\main.c
               Error_text   0x006ef2    program     extern E:\Work\PRODUCTS\PEDALOG\PIC program\USB Pedalog_2010_12_23\main.c
                 FLO1632S   0x005998    program     extern C:\Program Files\Microchip\mplabc18\v3.37\src\traditional\math\cast16FP.asm
                 FLO1632U   0x005994    program     extern C:\Program Files\Microchip\mplabc18\v3.37\src\traditional\math\cast16FP.asm
                 FLO3232S   0x0059c2    program     extern C:\Program Files\Microchip\mplabc18\v3.37\src\traditional\math\cast32FP.asm
                 FLO3232U   0x0059be    program     extern C:\Program Files\Microchip\mplabc18\v3.37\src\traditional\math\cast32FP.asm
                    FPA32   0x0059f6    program     extern C:\Program Files\Microchip\mplabc18\v3.37\src\traditional\math\addFP.asm
                    FPD32   0x005b22    program     extern C:\Program Files\Microchip\mplabc18\v3.37\src\traditional\math\divFP.asm
                    FPM32   0x005bc8    program     extern C:\Program Files\Microchip\mplabc18\v3.37\src\traditional\math\mulFP.asm
                    FPS32   0x0059f4    program     extern C:\Program Files\Microchip\mplabc18\v3.37\src\traditional\math\addFP.asm
                 FXD1616S   0x005ca2    program     extern C:\Program Files\Microchip\mplabc18\v3.37\src\traditional\math\fxd1616s.asm
                 FXD1616U   0x0073e4    program     extern C:\Program Files\Microchip\mplabc18\v3.37\src\traditional\math\fxd1616u.c
                 FXD3232U   0x007268    program     extern C:\Program Files\Microchip\mplabc18\v3.37\src\traditional\math\fxd3232u.c
                 FXM1616S   0x006026    program     extern C:\Program Files\Microchip\mplabc18\v3.37\src\traditional\math\fxm1616s.asm
                 FXM2424U   0x005cee    program     extern C:\Program Files\Microchip\mplabc18\v3.37\src\traditional\math\fxm2424u.asm
                  FXM3232   0x006fa2    program     extern C:\Program Files\Microchip\mplabc18\v3.37\src\traditional\math\fxm3232.c
                 High_ISR   0x000008    program     extern E:\Work\PRODUCTS\PEDALOG\PIC program\USB Pedalog_2010_12_23\main.c
                  INT3216   0x005d80    program     extern C:\Program Files\Microchip\mplabc18\v3.37\src\traditional\math\castFP16.asm
                  INT3232   0x005dde    program     extern C:\Program Files\Microchip\mplabc18\v3.37\src\traditional\math\castFP32.asm
                   I_text   0x006ed5    program     extern E:\Work\PRODUCTS\PEDALOG\PIC program\USB Pedalog_2010_12_23\main.c
                   I_unit   0x006edb    program     extern E:\Work\PRODUCTS\PEDALOG\PIC program\USB Pedalog_2010_12_23\main.c
         InitializeSystem   0x002326    program     static E:\Work\PRODUCTS\PEDALOG\PIC program\USB Pedalog_2010_12_23\main.c
            LCD_blank_end   0x002ca0    program     extern E:\Work\PRODUCTS\PEDALOG\PIC program\USB Pedalog_2010_12_23\main.c
                  Low_ISR   0x000018    program     extern E:\Work\PRODUCTS\PEDALOG\PIC program\USB Pedalog_2010_12_23\main.c
             MAX7219Clear   0x006104    program     extern E:\Work\PRODUCTS\PEDALOG\PIC program\USB Pedalog_2010_12_23\max7219matt.c
       MAX7219DisplayChar   0x006144    program     extern E:\Work\PRODUCTS\PEDALOG\PIC program\USB Pedalog_2010_12_23\max7219matt.c
              MAX7219Init   0x006080    program     extern E:\Work\PRODUCTS\PEDALOG\PIC program\USB Pedalog_2010_12_23\max7219matt.c
          MAX7219SendByte   0x0060e8    program     extern E:\Work\PRODUCTS\PEDALOG\PIC program\USB Pedalog_2010_12_23\max7219matt.c
             MAX7219Write   0x0060c0    program     extern E:\Work\PRODUCTS\PEDALOG\PIC program\USB Pedalog_2010_12_23\max7219matt.c
     MAX7219WriteStringDP   0x006530    program     extern E:\Work\PRODUCTS\PEDALOG\PIC program\USB Pedalog_2010_12_23\max7219matt.c
        MAX7219WriteValue   0x00626c    program     extern E:\Work\PRODUCTS\PEDALOG\PIC program\USB Pedalog_2010_12_23\max7219matt.c
      MAX7219WriteValueDP   0x0063ba    program     extern E:\Work\PRODUCTS\PEDALOG\PIC program\USB Pedalog_2010_12_23\max7219matt.c
       MAX7219_LookupCode   0x00618c    program     static E:\Work\PRODUCTS\PEDALOG\PIC program\USB Pedalog_2010_12_23\max7219matt.c
    MAX7219_SetBrightness   0x006226    program     extern E:\Work\PRODUCTS\PEDALOG\PIC program\USB Pedalog_2010_12_23\max7219matt.c
         MAX7219_Shutdown   0x006208    program     extern E:\Work\PRODUCTS\PEDALOG\PIC program\USB Pedalog_2010_12_23\max7219matt.c
 MAX7219_StartDisplayTest   0x00624e    program     extern E:\Work\PRODUCTS\PEDALOG\PIC program\USB Pedalog_2010_12_23\max7219matt.c
  MAX7219_StopDisplayTest   0x00625e    program     extern E:\Work\PRODUCTS\PEDALOG\PIC program\USB Pedalog_2010_12_23\max7219matt.c
           MAX7219_Wakeup   0x006216    program     extern E:\Work\PRODUCTS\PEDALOG\PIC program\USB Pedalog_2010_12_23\max7219matt.c
              M_conv_text   0x006efc    program     extern E:\Work\PRODUCTS\PEDALOG\PIC program\USB Pedalog_2010_12_23\main.c
                   M_text   0x006ee9    program     extern E:\Work\PRODUCTS\PEDALOG\PIC program\USB Pedalog_2010_12_23\main.c
                   M_unit   0x006ef0    program     extern E:\Work\PRODUCTS\PEDALOG\PIC program\USB Pedalog_2010_12_23\main.c
                  OneByte   0x0067a0    program     static C:\Program Files\Microchip\mplabc18\v3.37\src\traditional\stdclib\itobcd.asm
                  OneByte   0x00694a    program     static C:\Program Files\Microchip\mplabc18\v3.37\src\traditional\stdclib\ltobcd.asm
                  OpenSPI   0x00707a    program     extern C:\Program Files\Microchip\mplabc18\v3.37\src\pmc_common\SPI\spi_open.c
                 OpenXLCD   0x006b4c    program     extern C:\Program Files\Microchip\mplabc18\v3.37\src\pmc_common\XLCD\openxlcd.c
               P_ave_text   0x006eb4    program     extern E:\Work\PRODUCTS\PEDALOG\PIC program\USB Pedalog_2010_12_23\main.c
               P_max_text   0x006ead    program     extern E:\Work\PRODUCTS\PEDALOG\PIC program\USB Pedalog_2010_12_23\main.c
                   P_text   0x006ea6    program     extern E:\Work\PRODUCTS\PEDALOG\PIC program\USB Pedalog_2010_12_23\main.c
                   P_unit   0x006ebb    program     extern E:\Work\PRODUCTS\PEDALOG\PIC program\USB Pedalog_2010_12_23\main.c
                ProcLower   0x006754    program     static C:\Program Files\Microchip\mplabc18\v3.37\src\traditional\stdclib\itoa.asm
                ProcLower   0x0068e2    program     static C:\Program Files\Microchip\mplabc18\v3.37\src\traditional\stdclib\ltoa.asm
                ProcUpper   0x00674a    program     static C:\Program Files\Microchip\mplabc18\v3.37\src\traditional\stdclib\itoa.asm
                ProcUpper   0x0068d8    program     static C:\Program Files\Microchip\mplabc18\v3.37\src\traditional\stdclib\ltoa.asm
                ProcessIO   0x004382    program     extern E:\Work\PRODUCTS\PEDALOG\PIC program\USB Pedalog_2010_12_23\user.c
             ReadAddrXLCD   0x0072f6    program     extern C:\Program Files\Microchip\mplabc18\v3.37\src\pmc_common\XLCD\readaddr.c
             ReadDataXLCD   0x0072b0    program     extern C:\Program Files\Microchip\mplabc18\v3.37\src\pmc_common\XLCD\readdata.c
        Remapped_High_ISR   0x000808    program     extern E:\Work\PRODUCTS\PEDALOG\PIC program\USB Pedalog_2010_12_23\main.c
         Remapped_Low_ISR   0x000818    program     extern E:\Work\PRODUCTS\PEDALOG\PIC program\USB Pedalog_2010_12_23\main.c
          ServiceRequests   0x00490a    program     extern E:\Work\PRODUCTS\PEDALOG\PIC program\USB Pedalog_2010_12_23\user.c
             SetCGRamAddr   0x00712e    program     extern C:\Program Files\Microchip\mplabc18\v3.37\src\pmc_common\XLCD\setcgram.c
             SetDDRamAddr   0x0070de    program     extern C:\Program Files\Microchip\mplabc18\v3.37\src\pmc_common\XLCD\setddram.c
                  TAGTB32   0x005e4c    program     extern C:\Program Files\Microchip\mplabc18\v3.37\src\traditional\math\gtFP.asm
                  TALTB32   0x005e5e    program     extern C:\Program Files\Microchip\mplabc18\v3.37\src\traditional\math\ltFP.asm
               TSIGN1616A   0x006072    program     static C:\Program Files\Microchip\mplabc18\v3.37\src\traditional\math\fxm1616s.asm
                   TXbyte   0x004ba6    program     extern E:\Work\PRODUCTS\PEDALOG\PIC program\USB Pedalog_2010_12_23\user.c
                Time_text   0x006edd    program     extern E:\Work\PRODUCTS\PEDALOG\PIC program\USB Pedalog_2010_12_23\main.c
              Time_unit_h   0x006ee7    program     extern E:\Work\PRODUCTS\PEDALOG\PIC program\USB Pedalog_2010_12_23\main.c
              Time_unit_m   0x006ee5    program     extern E:\Work\PRODUCTS\PEDALOG\PIC program\USB Pedalog_2010_12_23\main.c
              Time_unit_s   0x006ee3    program     extern E:\Work\PRODUCTS\PEDALOG\PIC program\USB Pedalog_2010_12_23\main.c
                 TstLower   0x00673e    program     static C:\Program Files\Microchip\mplabc18\v3.37\src\traditional\stdclib\itoa.asm
                 TstLower   0x0068cc    program     static C:\Program Files\Microchip\mplabc18\v3.37\src\traditional\stdclib\ltoa.asm
                 TstUpper   0x0068c6    program     static C:\Program Files\Microchip\mplabc18\v3.37\src\traditional\stdclib\ltoa.asm
                 TstUpper   0x006738    program     static C:\Program Files\Microchip\mplabc18\v3.37\src\traditional\stdclib\itoa.asm
       USBCBCheckOtherReq   0x00233a    program     extern E:\Work\PRODUCTS\PEDALOG\PIC program\USB Pedalog_2010_12_23\main.c
        USBCBErrorHandler   0x002338    program     extern E:\Work\PRODUCTS\PEDALOG\PIC program\USB Pedalog_2010_12_23\main.c
              USBCBInitEP   0x00233e    program     extern E:\Work\PRODUCTS\PEDALOG\PIC program\USB Pedalog_2010_12_23\main.c
          USBCBSendResume   0x002376    program     extern E:\Work\PRODUCTS\PEDALOG\PIC program\USB Pedalog_2010_12_23\main.c
    USBCBStdSetDscHandler   0x00233c    program     extern E:\Work\PRODUCTS\PEDALOG\PIC program\USB Pedalog_2010_12_23\main.c
             USBCBSuspend   0x002332    program     extern E:\Work\PRODUCTS\PEDALOG\PIC program\USB Pedalog_2010_12_23\main.c
     USBCBWakeFromSuspend   0x002334    program     extern E:\Work\PRODUCTS\PEDALOG\PIC program\USB Pedalog_2010_12_23\main.c
        USBCB_SOF_Handler   0x002336    program     extern E:\Work\PRODUCTS\PEDALOG\PIC program\USB Pedalog_2010_12_23\main.c
       USBCheckStdRequest   0x003276    program     extern E:\Work\PRODUCTS\PEDALOG\PIC program\USB Pedalog_2010_12_23\usb_device.c
    USBClearInterruptFlag   0x003d6c    program     extern E:\Work\PRODUCTS\PEDALOG\PIC program\USB Pedalog_2010_12_23\usb_device.c
     USBConfigureEndpoint   0x003aa8    program     extern E:\Work\PRODUCTS\PEDALOG\PIC program\USB Pedalog_2010_12_23\usb_device.c
         USBCtrlEPService   0x002ff2    program     extern E:\Work\PRODUCTS\PEDALOG\PIC program\USB Pedalog_2010_12_23\usb_device.c
 USBCtrlEPServiceComplete   0x00364e    program     extern E:\Work\PRODUCTS\PEDALOG\PIC program\USB Pedalog_2010_12_23\usb_device.c
      USBCtrlTrfInHandler   0x00309c    program     extern E:\Work\PRODUCTS\PEDALOG\PIC program\USB Pedalog_2010_12_23\usb_device.c
     USBCtrlTrfOutHandler   0x00308a    program     extern E:\Work\PRODUCTS\PEDALOG\PIC program\USB Pedalog_2010_12_23\usb_device.c
      USBCtrlTrfRxService   0x00390e    program     extern E:\Work\PRODUCTS\PEDALOG\PIC program\USB Pedalog_2010_12_23\usb_device.c
   USBCtrlTrfSetupHandler   0x003044    program     extern E:\Work\PRODUCTS\PEDALOG\PIC program\USB Pedalog_2010_12_23\usb_device.c
      USBCtrlTrfTxService   0x0037f2    program     extern E:\Work\PRODUCTS\PEDALOG\PIC program\USB Pedalog_2010_12_23\usb_device.c
          USBDeviceAttach   0x003db2    program     extern E:\Work\PRODUCTS\PEDALOG\PIC program\USB Pedalog_2010_12_23\usb_device.c
          USBDeviceDetach   0x003da4    program     extern E:\Work\PRODUCTS\PEDALOG\PIC program\USB Pedalog_2010_12_23\usb_device.c
            USBDeviceInit   0x002d02    program     extern E:\Work\PRODUCTS\PEDALOG\PIC program\USB Pedalog_2010_12_23\usb_device.c
           USBDeviceTasks   0x002da6    program     extern E:\Work\PRODUCTS\PEDALOG\PIC program\USB Pedalog_2010_12_23\usb_device.c
        USBEnableEndpoint   0x003b68    program     extern E:\Work\PRODUCTS\PEDALOG\PIC program\USB Pedalog_2010_12_23\usb_device.c
USBPrepareForNextSetupTrf   0x003134    program     extern E:\Work\PRODUCTS\PEDALOG\PIC program\USB Pedalog_2010_12_23\usb_device.c
         USBStallEndpoint   0x003bd4    program     extern E:\Work\PRODUCTS\PEDALOG\PIC program\USB Pedalog_2010_12_23\usb_device.c
          USBStallHandler   0x002f36    program     extern E:\Work\PRODUCTS\PEDALOG\PIC program\USB Pedalog_2010_12_23\usb_device.c
  USBStdFeatureReqHandler   0x00333e    program     extern E:\Work\PRODUCTS\PEDALOG\PIC program\USB Pedalog_2010_12_23\usb_device.c
      USBStdGetDscHandler   0x00343e    program     extern E:\Work\PRODUCTS\PEDALOG\PIC program\USB Pedalog_2010_12_23\usb_device.c
   USBStdGetStatusHandler   0x00358c    program     extern E:\Work\PRODUCTS\PEDALOG\PIC program\USB Pedalog_2010_12_23\usb_device.c
      USBStdSetCfgHandler   0x003a36    program     extern E:\Work\PRODUCTS\PEDALOG\PIC program\USB Pedalog_2010_12_23\usb_device.c
               USBSuspend   0x002f7c    program     extern E:\Work\PRODUCTS\PEDALOG\PIC program\USB Pedalog_2010_12_23\usb_device.c
     USBTransferOnePacket   0x003c74    program     extern E:\Work\PRODUCTS\PEDALOG\PIC program\USB Pedalog_2010_12_23\usb_device.c
       USBWakeFromSuspend   0x002fb4    program     extern E:\Work\PRODUCTS\PEDALOG\PIC program\USB Pedalog_2010_12_23\usb_device.c
               USB_CD_Ptr   0x006ccc    program     extern E:\Work\PRODUCTS\PEDALOG\PIC program\USB Pedalog_2010_12_23\usb_descriptors.c
               USB_SD_Ptr   0x006ccf    program     extern E:\Work\PRODUCTS\PEDALOG\PIC program\USB Pedalog_2010_12_23\usb_descriptors.c
USER_USB_CALLBACK_EVENT_HANDLER   0x002392    program     extern E:\Work\PRODUCTS\PEDALOG\PIC program\USB Pedalog_2010_12_23\main.c
                 UserInit   0x004326    program     extern E:\Work\PRODUCTS\PEDALOG\PIC program\USB Pedalog_2010_12_23\user.c
                   V_text   0x006ecc    program     extern E:\Work\PRODUCTS\PEDALOG\PIC program\USB Pedalog_2010_12_23\main.c
                   V_unit   0x006ed3    program     extern E:\Work\PRODUCTS\PEDALOG\PIC program\USB Pedalog_2010_12_23\main.c
             WriteCmdXLCD   0x0071cc    program     extern C:\Program Files\Microchip\mplabc18\v3.37\src\pmc_common\XLCD\wcmdxlcd.c
            WriteDataXLCD   0x00717e    program     extern C:\Program Files\Microchip\mplabc18\v3.37\src\pmc_common\XLCD\writdata.c
                 WriteSPI   0x00737a    program     extern C:\Program Files\Microchip\mplabc18\v3.37\src\pmc_common\SPI\spi_writ.c
  YourHighPriorityISRCode   0x000850    program     extern E:\Work\PRODUCTS\PEDALOG\PIC program\USB Pedalog_2010_12_23\main.c
   YourLowPriorityISRCode   0x000c2e    program     extern E:\Work\PRODUCTS\PEDALOG\PIC program\USB Pedalog_2010_12_23\main.c
              _2jContinue   0x00697c    program     static C:\Program Files\Microchip\mplabc18\v3.37\src\traditional\stdclib\memset.asm
                   _2jEnd   0x006b36    program     static C:\Program Files\Microchip\mplabc18\v3.37\src\traditional\stdclib\slenpgm.asm
                   _3jEnd   0x006986    program     static C:\Program Files\Microchip\mplabc18\v3.37\src\traditional\stdclib\memset.asm
                   _3jEnd   0x0067f6    program     static C:\Program Files\Microchip\mplabc18\v3.37\src\traditional\stdclib\ltoa.asm
              _4jContinue   0x006ada    program     static C:\Program Files\Microchip\mplabc18\v3.37\src\traditional\stdclib\strncat.asm
                   _5jEnd   0x006ae4    program     static C:\Program Files\Microchip\mplabc18\v3.37\src\traditional\stdclib\strncat.asm
       _D10KTCYXCODE_0010   0x0073c6    program     static C:\Program Files\Microchip\mplabc18\v3.37\src\traditional\delays\d10ktcyx.asm
       _D10KTCYXCODE_001C   0x0073d2    program     static C:\Program Files\Microchip\mplabc18\v3.37\src\traditional\delays\d10ktcyx.asm
        _D10TCYXCODE_000A   0x0074aa    program     static C:\Program Files\Microchip\mplabc18\v3.37\src\traditional\delays\d10tcyx.asm
        _D10TCYXCODE_000C   0x0074ac    program     static C:\Program Files\Microchip\mplabc18\v3.37\src\traditional\delays\d10tcyx.asm
        _D10TCYXCODE_000E   0x0074ae    program     static C:\Program Files\Microchip\mplabc18\v3.37\src\traditional\delays\d10tcyx.asm
        _D1KTCYXCODE_0010   0x007420    program     static C:\Program Files\Microchip\mplabc18\v3.37\src\traditional\delays\d1ktcyx.asm
        _D1KTCYXCODE_0016   0x007426    program     static C:\Program Files\Microchip\mplabc18\v3.37\src\traditional\delays\d1ktcyx.asm
              __FpCompare   0x005e70    program     extern C:\Program Files\Microchip\mplabc18\v3.37\src\traditional\math\compFP.asm
                 __FpExit   0x005f26    program     extern C:\Program Files\Microchip\mplabc18\v3.37\src\traditional\math\packFP.asm
                 __FpPack   0x005f52    program     extern C:\Program Files\Microchip\mplabc18\v3.37\src\traditional\math\packFP.asm
            __FpReturnNaN   0x005f1a    program     extern C:\Program Files\Microchip\mplabc18\v3.37\src\traditional\math\packFP.asm
         __FpReturnNegInf   0x005f2c    program     extern C:\Program Files\Microchip\mplabc18\v3.37\src\traditional\math\packFP.asm
        __FpReturnNegZero   0x005f44    program     extern C:\Program Files\Microchip\mplabc18\v3.37\src\traditional\math\packFP.asm
         __FpReturnPosInf   0x005f32    program     extern C:\Program Files\Microchip\mplabc18\v3.37\src\traditional\math\packFP.asm
        __FpReturnPosZero   0x005f4c    program     extern C:\Program Files\Microchip\mplabc18\v3.37\src\traditional\math\packFP.asm
        __FpReturnSignInf   0x005f28    program     extern C:\Program Files\Microchip\mplabc18\v3.37\src\traditional\math\packFP.asm
       __FpReturnSignZero   0x005f40    program     extern C:\Program Files\Microchip\mplabc18\v3.37\src\traditional\math\packFP.asm
              __FpReturnW   0x005faa    program     extern C:\Program Files\Microchip\mplabc18\v3.37\src\traditional\math\packFP.asm
              __FpUnPackA   0x005fca    program     extern C:\Program Files\Microchip\mplabc18\v3.37\src\traditional\math\UnpackFP.asm
              __FpUnPackB   0x005ffa    program     extern C:\Program Files\Microchip\mplabc18\v3.37\src\traditional\math\UnpackFP.asm
           ___?:_lbl00087   0x004930    program     static                          
           ___?:_lbl00088   0x004920    program     static                          
           ___?:_lbl00098   0x004ae0    program     static                          
           ___?:_lbl00099   0x004ad0    program     static                          
       ___case_0_lbl00090   0x004966    program     static                          
      ___case_10_lbl00081   0x0048a2    program     static                          
      ___case_11_lbl00082   0x0048ce    program     static                          
       ___case_1_lbl00029   0x004492    program     static                          
       ___case_1_lbl00091   0x00497a    program     static                          
       ___case_1_lbl00207   0x002416    program     static                          
      ___case_21_lbl00200   0x0023fa    program     static                          
      ___case_22_lbl00201   0x0023fe    program     static                          
      ___case_23_lbl00202   0x002402    program     static                          
     ___case_255_lbl00096   0x004ab6    program     static                          
       ___case_2_lbl00031   0x0044b0    program     static                          
       ___case_2_lbl00203   0x002406    program     static                          
       ___case_3_lbl00050   0x0044da    program     static                          
       ___case_3_lbl00205   0x00240e    program     static                          
       ___case_4_lbl00055   0x0045ca    program     static                          
       ___case_4_lbl00204   0x00240a    program     static                          
       ___case_5_lbl00061   0x004658    program     static                          
      ___case_64_lbl00092   0x004992    program     static                          
   ___case_65535_lbl00206   0x002412    program     static                          
      ___case_65_lbl00093   0x0049aa    program     static                          
      ___case_66_lbl00094   0x0049c6    program     static                          
      ___case_67_lbl00095   0x0049e2    program     static                          
       ___case_6_lbl00065   0x0046ce    program     static                          
       ___case_7_lbl00073   0x0046fc    program     static                          
       ___case_8_lbl00063   0x0046dc    program     static                          
       ___case_8_lbl00071   0x00470a    program     static                          
       ___case_8_lbl00076   0x004872    program     static                          
       ___case_9_lbl00079   0x00488c    program     static                          
      ___default_lbl00064   0x0046ec    program     static                          
      ___default_lbl00072   0x00485a    program     static                          
      ___default_lbl00083   0x0048f2    program     static                          
      ___default_lbl00097   0x004aba    program     static                          
      ___default_lbl00208   0x00241a    program     static                          
         ___else_lbl00014   0x000aec    program     static                          
         ___else_lbl00017   0x000b26    program     static                          
         ___else_lbl00020   0x000b6e    program     static                          
         ___else_lbl00023   0x0043be    program     static                          
         ___else_lbl00024   0x000bd6    program     static                          
         ___else_lbl00038   0x004542    program     static                          
         ___else_lbl00041   0x004578    program     static                          
         ___else_lbl00044   0x0045b6    program     static                          
         ___else_lbl00047   0x004582    program     static                          
         ___else_lbl00049   0x00454c    program     static                          
           ___if_lbl00006   0x0008c4    program     static                          
           ___if_lbl00011   0x000ac2    program     static                          
           ___if_lbl00012   0x000afc    program     static                          
           ___if_lbl00013   0x000afc    program     static                          
           ___if_lbl00015   0x000b3c    program     static                          
           ___if_lbl00016   0x000b3c    program     static                          
           ___if_lbl00018   0x000b42    program     static                          
           ___if_lbl00019   0x000b70    program     static                          
           ___if_lbl00021   0x00438a    program     static                          
           ___if_lbl00021   0x000b9e    program     static                          
           ___if_lbl00022   0x000bd4    program     static                          
           ___if_lbl00022   0x0043ca    program     static                          
           ___if_lbl00023   0x000bd8    program     static                          
           ___if_lbl00024   0x0043fc    program     static                          
           ___if_lbl00025   0x0043fc    program     static                          
           ___if_lbl00025   0x000bd8    program     static                          
           ___if_lbl00028   0x0044ae    program     static                          
           ___if_lbl00030   0x0044d8    program     static                          
           ___if_lbl00033   0x0044f0    program     static                          
           ___if_lbl00034   0x004516    program     static                          
           ___if_lbl00035   0x004516    program     static                          
           ___if_lbl00037   0x00454a    program     static                          
           ___if_lbl00040   0x004580    program     static                          
           ___if_lbl00043   0x0045be    program     static                          
           ___if_lbl00045   0x0045be    program     static                          
           ___if_lbl00046   0x0045be    program     static                          
           ___if_lbl00048   0x0045be    program     static                          
           ___if_lbl00051   0x004608    program     static                          
           ___if_lbl00052   0x004610    program     static                          
           ___if_lbl00053   0x00463e    program     static                          
           ___if_lbl00054   0x004646    program     static                          
           ___if_lbl00056   0x004680    program     static                          
           ___if_lbl00058   0x0046a6    program     static                          
           ___if_lbl00060   0x0046cc    program     static                          
           ___if_lbl00067   0x004780    program     static                          
           ___if_lbl00068   0x004788    program     static                          
           ___if_lbl00069   0x0047ee    program     static                          
           ___if_lbl00070   0x0047f6    program     static                          
           ___if_lbl00075   0x00488a    program     static                          
           ___if_lbl00078   0x0048a0    program     static                          
           ___if_lbl00080   0x0048c4    program     static                          
           ___if_lbl00085   0x004906    program     static                          
           ___if_lbl00100   0x004b0c    program     static                          
           ___if_lbl00101   0x004b0c    program     static                          
           ___if_lbl00102   0x004b32    program     static                          
       ___return_lbl00000   0x00740e    program     static                          
       ___return_lbl00000   0x0072ae    program     static                          
       ___return_lbl00000   0x007010    program     static                          
       ___return_lbl00000   0x000804    program     static                          
       ___return_lbl00000   0x000004    program     static                          
       ___return_lbl00001   0x00080c    program     static                          
       ___return_lbl00001   0x00746a    program     static                          
       ___return_lbl00002   0x00081c    program     static                          
       ___return_lbl00002   0x006e20    program     static                          
       ___return_lbl00003   0x00000c    program     static                          
       ___return_lbl00004   0x00001c    program     static                          
       ___return_lbl00005   0x000bde    program     static                          
       ___return_lbl00020   0x004908    program     static                          
       ___return_lbl00086   0x004b32    program     static                          
       ___return_lbl00198   0x002420    program     static                          
   ___switchexit_lbl00026   0x0048f6    program     static                          
   ___switchexit_lbl00062   0x0046fa    program     static                          
   ___switchexit_lbl00066   0x004870    program     static                          
   ___switchexit_lbl00089   0x004abe    program     static                          
   ___switchexit_lbl00199   0x00241c    program     static                          
        ___while_lbl00007   0x0008d2    program     static                          
        ___while_lbl00008   0x0008d6    program     static                          
        ___while_lbl00009   0x0008f6    program     static                          
        ___while_lbl00010   0x0008fa    program     static                          
               __config_0   0x300000    program     static E:\Work\PRODUCTS\PEDALOG\PIC program\USB Pedalog_2010_12_23\main.c
               __config_1   0x300001    program     static E:\Work\PRODUCTS\PEDALOG\PIC program\USB Pedalog_2010_12_23\main.c
              __config_10   0x30000c    program     static E:\Work\PRODUCTS\PEDALOG\PIC program\USB Pedalog_2010_12_23\main.c
              __config_11   0x30000d    program     static E:\Work\PRODUCTS\PEDALOG\PIC program\USB Pedalog_2010_12_23\main.c
               __config_2   0x300002    program     static E:\Work\PRODUCTS\PEDALOG\PIC program\USB Pedalog_2010_12_23\main.c
               __config_3   0x300003    program     static E:\Work\PRODUCTS\PEDALOG\PIC program\USB Pedalog_2010_12_23\main.c
               __config_4   0x300005    program     static E:\Work\PRODUCTS\PEDALOG\PIC program\USB Pedalog_2010_12_23\main.c
               __config_5   0x300006    program     static E:\Work\PRODUCTS\PEDALOG\PIC program\USB Pedalog_2010_12_23\main.c
               __config_6   0x300008    program     static E:\Work\PRODUCTS\PEDALOG\PIC program\USB Pedalog_2010_12_23\main.c
               __config_7   0x300009    program     static E:\Work\PRODUCTS\PEDALOG\PIC program\USB Pedalog_2010_12_23\main.c
               __config_8   0x30000a    program     static E:\Work\PRODUCTS\PEDALOG\PIC program\USB Pedalog_2010_12_23\main.c
               __config_9   0x30000b    program     static E:\Work\PRODUCTS\PEDALOG\PIC program\USB Pedalog_2010_12_23\main.c
                   __init   0x0074d2    program     extern C:\Program Files\Microchip\mplabc18\v3.37\src\traditional\stdclib\__init.c
                   __pa_0   0x0056b2    program     static C:\Program Files\Microchip\mplabc18\v3.37\src\traditional\stdclib\vfprintf.c
                   __pa_1   0x0056ba    program     static C:\Program Files\Microchip\mplabc18\v3.37\src\traditional\stdclib\vfprintf.c
                  __pa_10   0x00576e    program     static C:\Program Files\Microchip\mplabc18\v3.37\src\traditional\stdclib\vfprintf.c
                  __pa_11   0x00577c    program     static C:\Program Files\Microchip\mplabc18\v3.37\src\traditional\stdclib\vfprintf.c
                  __pa_12   0x005792    program     static C:\Program Files\Microchip\mplabc18\v3.37\src\traditional\stdclib\vfprintf.c
                  __pa_13   0x0057ac    program     static C:\Program Files\Microchip\mplabc18\v3.37\src\traditional\stdclib\vfprintf.c
                  __pa_14   0x0057c4    program     static C:\Program Files\Microchip\mplabc18\v3.37\src\traditional\stdclib\vfprintf.c
                  __pa_15   0x0057d4    program     static C:\Program Files\Microchip\mplabc18\v3.37\src\traditional\stdclib\vfprintf.c
                  __pa_16   0x0057ea    program     static C:\Program Files\Microchip\mplabc18\v3.37\src\traditional\stdclib\vfprintf.c
                  __pa_17   0x0057fc    program     static C:\Program Files\Microchip\mplabc18\v3.37\src\traditional\stdclib\vfprintf.c
                  __pa_18   0x00580e    program     static C:\Program Files\Microchip\mplabc18\v3.37\src\traditional\stdclib\vfprintf.c
                  __pa_19   0x005818    program     static C:\Program Files\Microchip\mplabc18\v3.37\src\traditional\stdclib\vfprintf.c
                   __pa_2   0x0056c4    program     static C:\Program Files\Microchip\mplabc18\v3.37\src\traditional\stdclib\vfprintf.c
                  __pa_20   0x005828    program     static C:\Program Files\Microchip\mplabc18\v3.37\src\traditional\stdclib\vfprintf.c
                  __pa_21   0x005838    program     static C:\Program Files\Microchip\mplabc18\v3.37\src\traditional\stdclib\vfprintf.c
                  __pa_22   0x005848    program     static C:\Program Files\Microchip\mplabc18\v3.37\src\traditional\stdclib\vfprintf.c
                  __pa_23   0x005854    program     static C:\Program Files\Microchip\mplabc18\v3.37\src\traditional\stdclib\vfprintf.c
                  __pa_24   0x005862    program     static C:\Program Files\Microchip\mplabc18\v3.37\src\traditional\stdclib\vfprintf.c
                  __pa_25   0x00586a    program     static C:\Program Files\Microchip\mplabc18\v3.37\src\traditional\stdclib\vfprintf.c
                  __pa_26   0x005874    program     static C:\Program Files\Microchip\mplabc18\v3.37\src\traditional\stdclib\vfprintf.c
                  __pa_27   0x00587e    program     static C:\Program Files\Microchip\mplabc18\v3.37\src\traditional\stdclib\vfprintf.c
                  __pa_28   0x005886    program     static C:\Program Files\Microchip\mplabc18\v3.37\src\traditional\stdclib\vfprintf.c
                  __pa_29   0x005894    program     static C:\Program Files\Microchip\mplabc18\v3.37\src\traditional\stdclib\vfprintf.c
                   __pa_3   0x0056ce    program     static C:\Program Files\Microchip\mplabc18\v3.37\src\traditional\stdclib\vfprintf.c
                  __pa_30   0x0058b0    program     static C:\Program Files\Microchip\mplabc18\v3.37\src\traditional\stdclib\vfprintf.c
                  __pa_31   0x0058ca    program     static C:\Program Files\Microchip\mplabc18\v3.37\src\traditional\stdclib\vfprintf.c
                  __pa_32   0x0058e4    program     static C:\Program Files\Microchip\mplabc18\v3.37\src\traditional\stdclib\vfprintf.c
                  __pa_33   0x0058fc    program     static C:\Program Files\Microchip\mplabc18\v3.37\src\traditional\stdclib\vfprintf.c
                  __pa_34   0x005906    program     static C:\Program Files\Microchip\mplabc18\v3.37\src\traditional\stdclib\vfprintf.c
                  __pa_35   0x005914    program     static C:\Program Files\Microchip\mplabc18\v3.37\src\traditional\stdclib\vfprintf.c
                  __pa_36   0x00591c    program     static C:\Program Files\Microchip\mplabc18\v3.37\src\traditional\stdclib\vfprintf.c
                  __pa_37   0x005926    program     static C:\Program Files\Microchip\mplabc18\v3.37\src\traditional\stdclib\vfprintf.c
                  __pa_38   0x005936    program     static C:\Program Files\Microchip\mplabc18\v3.37\src\traditional\stdclib\vfprintf.c
                  __pa_39   0x005944    program     static C:\Program Files\Microchip\mplabc18\v3.37\src\traditional\stdclib\vfprintf.c
                   __pa_4   0x0056e6    program     static C:\Program Files\Microchip\mplabc18\v3.37\src\traditional\stdclib\vfprintf.c
                  __pa_40   0x005950    program     static C:\Program Files\Microchip\mplabc18\v3.37\src\traditional\stdclib\vfprintf.c
                  __pa_41   0x00595c    program     static C:\Program Files\Microchip\mplabc18\v3.37\src\traditional\stdclib\vfprintf.c
                  __pa_42   0x005964    program     static C:\Program Files\Microchip\mplabc18\v3.37\src\traditional\stdclib\vfprintf.c
                  __pa_43   0x00596e    program     static C:\Program Files\Microchip\mplabc18\v3.37\src\traditional\stdclib\vfprintf.c
                  __pa_44   0x005974    program     static C:\Program Files\Microchip\mplabc18\v3.37\src\traditional\stdclib\vfprintf.c
                  __pa_45   0x00597e    program     static C:\Program Files\Microchip\mplabc18\v3.37\src\traditional\stdclib\vfprintf.c
                  __pa_46   0x00598a    program     static C:\Program Files\Microchip\mplabc18\v3.37\src\traditional\stdclib\vfprintf.c
                   __pa_5   0x0056fa    program     static C:\Program Files\Microchip\mplabc18\v3.37\src\traditional\stdclib\vfprintf.c
                   __pa_6   0x005716    program     static C:\Program Files\Microchip\mplabc18\v3.37\src\traditional\stdclib\vfprintf.c
                   __pa_7   0x005720    program     static C:\Program Files\Microchip\mplabc18\v3.37\src\traditional\stdclib\vfprintf.c
                   __pa_8   0x00572c    program     static C:\Program Files\Microchip\mplabc18\v3.37\src\traditional\stdclib\vfprintf.c
                   __pa_9   0x00574e    program     static C:\Program Files\Microchip\mplabc18\v3.37\src\traditional\stdclib\vfprintf.c
               __string_0   0x0074c7    program     static E:\Work\PRODUCTS\PEDALOG\PIC program\USB Pedalog_2010_12_23\main.c
               __tmplbl_0   0x0043ea    program     static                          
               __tmplbl_1   0x004406    program     static                          
              __tmplbl_10   0x004482    program     static                          
              __tmplbl_11   0x00448e    program     static                          
              __tmplbl_12   0x0044a6    program     static                          
              __tmplbl_13   0x0023ae    program     static                          
              __tmplbl_13   0x004498    program     static                          
              __tmplbl_14   0x0044e6    program     static                          
              __tmplbl_14   0x0023ba    program     static                          
              __tmplbl_15   0x0023c4    program     static                          
              __tmplbl_15   0x0044e0    program     static                          
              __tmplbl_16   0x0023ce    program     static                          
              __tmplbl_16   0x00452a    program     static                          
              __tmplbl_17   0x0023d8    program     static                          
              __tmplbl_17   0x004524    program     static                          
              __tmplbl_18   0x004560    program     static                          
              __tmplbl_18   0x0023e2    program     static                          
              __tmplbl_19   0x004552    program     static                          
              __tmplbl_19   0x0023ec    program     static                          
               __tmplbl_2   0x004414    program     static                          
              __tmplbl_20   0x0023f6    program     static                          
              __tmplbl_20   0x00459e    program     static                          
              __tmplbl_21   0x000928    program     static                          
              __tmplbl_21   0x004590    program     static                          
              __tmplbl_22   0x004692    program     static                          
              __tmplbl_22   0x0009a4    program     static                          
              __tmplbl_23   0x00468c    program     static                          
              __tmplbl_23   0x000a5e    program     static                          
              __tmplbl_24   0x0046b8    program     static                          
              __tmplbl_24   0x000ace    program     static                          
              __tmplbl_25   0x000b0c    program     static                          
              __tmplbl_25   0x0046b2    program     static                          
              __tmplbl_26   0x000b5a    program     static                          
              __tmplbl_26   0x0046d8    program     static                          
              __tmplbl_27   0x000b88    program     static                          
              __tmplbl_27   0x004706    program     static                          
              __tmplbl_28   0x000bc0    program     static                          
              __tmplbl_28   0x004882    program     static                          
              __tmplbl_29   0x001684    program     static                          
              __tmplbl_29   0x00487c    program     static                          
               __tmplbl_3   0x004422    program     static                          
              __tmplbl_30   0x004898    program     static                          
              __tmplbl_31   0x004892    program     static                          
              __tmplbl_32   0x004904    program     static                          
              __tmplbl_32   0x0022b6    program     static                          
              __tmplbl_33   0x0048fe    program     static                          
              __tmplbl_34   0x0045f0    program     static                          
               __tmplbl_4   0x004430    program     static                          
              __tmplbl_42   0x005848    program     static                          
              __tmplbl_43   0x005690    program     static                          
              __tmplbl_44   0x005676    program     static                          
               __tmplbl_5   0x00443e    program     static                          
               __tmplbl_6   0x00444c    program     static                          
               __tmplbl_7   0x00445a    program     static                          
               __tmplbl_8   0x004468    program     static                          
              __tmplbl_85   0x004dc8    program     static                          
               __tmplbl_9   0x004476    program     static                          
            __zero_memory   0x007430    program     extern C:\Program Files\Microchip\mplabc18\v3.37\src\traditional\proc\p18F4550.asm
                _do_cinit   0x006d84    program     extern C:\Program Files\Microchip\mplabc18\v3.37\src\traditional\startup\c018i.c
                   _entry   0x000000    program     extern C:\Program Files\Microchip\mplabc18\v3.37\src\traditional\startup\c018i.c
                   _false   0x0072aa    program     static                          
                   _reset   0x000800    program     extern E:\Work\PRODUCTS\PEDALOG\PIC program\USB Pedalog_2010_12_23\main.c
                 _startup   0x007450    program     extern C:\Program Files\Microchip\mplabc18\v3.37\src\traditional\startup\c018i.c
              _usart_putc   0x00746c    program     extern C:\Program Files\Microchip\mplabc18\v3.37\src\pmc_common\USART\_usartpc.asm
               _user_putc   0x0074d0    program     extern C:\Program Files\Microchip\mplabc18\v3.37\src\traditional\stdclib\_user_putc.c
           backlight_flag   0x007488    program     extern E:\Work\PRODUCTS\PEDALOG\PIC program\USB Pedalog_2010_12_23\user.c
                compare_l   0x007446    program     static C:\Program Files\Microchip\mplabc18\v3.37\src\traditional\proc\p18F4550.asm
        configDescriptor1   0x006c3c    program     extern E:\Work\PRODUCTS\PEDALOG\PIC program\USB Pedalog_2010_12_23\usb_descriptors.c
                copy_loop   0x006df6    program     static                          
            copy_one_byte   0x006dfc    program     static                          
           cursor_0_space   0x002c64    program     extern E:\Work\PRODUCTS\PEDALOG\PIC program\USB Pedalog_2010_12_23\main.c
           cursor_1_space   0x002c78    program     extern E:\Work\PRODUCTS\PEDALOG\PIC program\USB Pedalog_2010_12_23\main.c
            dataArrayInit   0x00748e    program     extern E:\Work\PRODUCTS\PEDALOG\PIC program\USB Pedalog_2010_12_23\user.c
                    debug   0x00748d    program     extern E:\Work\PRODUCTS\PEDALOG\PIC program\USB Pedalog_2010_12_23\user.c
                decimalpt   0x006f17    program     extern E:\Work\PRODUCTS\PEDALOG\PIC program\USB Pedalog_2010_12_23\main.c
               device_dsc   0x006c2a    program     extern E:\Work\PRODUCTS\PEDALOG\PIC program\USB Pedalog_2010_12_23\usb_descriptors.c
                     done   0x006e20    program     static                          
             done_copying   0x006e0a    program     static                          
              eeprom_data   0xf00010    program     extern E:\Work\PRODUCTS\PEDALOG\PIC program\USB Pedalog_2010_12_23\user.c
                  endloop   0x00740a    program     static                          
                  isdigit   0x006f7e    program     extern C:\Program Files\Microchip\mplabc18\v3.37\src\traditional\stdclib\isdigit.asm
                  ispunct   0x006f26    program     extern C:\Program Files\Microchip\mplabc18\v3.37\src\traditional\stdclib\ispunct.asm
                   itoBCD   0x00675e    program     extern C:\Program Files\Microchip\mplabc18\v3.37\src\traditional\stdclib\itobcd.asm
                     itoa   0x00667e    program     extern C:\Program Files\Microchip\mplabc18\v3.37\src\traditional\stdclib\itoa.asm
                 jANotInf   0x005b40    program     static C:\Program Files\Microchip\mplabc18\v3.37\src\traditional\math\divFP.asm
                 jANotInf   0x005a1e    program     static C:\Program Files\Microchip\mplabc18\v3.37\src\traditional\math\addFP.asm
                 jANotInf   0x005be6    program     static C:\Program Files\Microchip\mplabc18\v3.37\src\traditional\math\mulFP.asm
                 jANotNeg   0x005ab2    program     static C:\Program Files\Microchip\mplabc18\v3.37\src\traditional\math\addFP.asm
                jANotZero   0x005b54    program     static C:\Program Files\Microchip\mplabc18\v3.37\src\traditional\math\divFP.asm
              jAandWsetup   0x005a82    program     static C:\Program Files\Microchip\mplabc18\v3.37\src\traditional\math\addFP.asm
                  jAisNeg   0x005eec    program     static C:\Program Files\Microchip\mplabc18\v3.37\src\traditional\math\compFP.asm
                 jAltBexp   0x005a70    program     static C:\Program Files\Microchip\mplabc18\v3.37\src\traditional\math\addFP.asm
                jBANotInf   0x005a14    program     static C:\Program Files\Microchip\mplabc18\v3.37\src\traditional\math\addFP.asm
                 jBNotInf   0x005a2c    program     static C:\Program Files\Microchip\mplabc18\v3.37\src\traditional\math\addFP.asm
              jBothFinite   0x005bf4    program     static C:\Program Files\Microchip\mplabc18\v3.37\src\traditional\math\mulFP.asm
             jBothNotZero   0x005e8e    program     static C:\Program Files\Microchip\mplabc18\v3.37\src\traditional\math\compFP.asm
             jBothNotZero   0x005c00    program     static C:\Program Files\Microchip\mplabc18\v3.37\src\traditional\math\mulFP.asm
            jDifOrPosSign   0x005a40    program     static C:\Program Files\Microchip\mplabc18\v3.37\src\traditional\math\addFP.asm
                     jDo1   0x006704    program     static C:\Program Files\Microchip\mplabc18\v3.37\src\traditional\stdclib\itoa.asm
                     jDo1   0x006892    program     static C:\Program Files\Microchip\mplabc18\v3.37\src\traditional\stdclib\ltoa.asm
                    jDo10   0x00686e    program     static C:\Program Files\Microchip\mplabc18\v3.37\src\traditional\stdclib\ltoa.asm
                     jDo2   0x006700    program     static C:\Program Files\Microchip\mplabc18\v3.37\src\traditional\stdclib\itoa.asm
                     jDo2   0x00688e    program     static C:\Program Files\Microchip\mplabc18\v3.37\src\traditional\stdclib\ltoa.asm
                     jDo3   0x00688a    program     static C:\Program Files\Microchip\mplabc18\v3.37\src\traditional\stdclib\ltoa.asm
                     jDo3   0x0066fc    program     static C:\Program Files\Microchip\mplabc18\v3.37\src\traditional\stdclib\itoa.asm
                     jDo4   0x006886    program     static C:\Program Files\Microchip\mplabc18\v3.37\src\traditional\stdclib\ltoa.asm
                     jDo4   0x0066f8    program     static C:\Program Files\Microchip\mplabc18\v3.37\src\traditional\stdclib\itoa.asm
                     jDo5   0x0066f4    program     static C:\Program Files\Microchip\mplabc18\v3.37\src\traditional\stdclib\itoa.asm
                     jDo5   0x006882    program     static C:\Program Files\Microchip\mplabc18\v3.37\src\traditional\stdclib\ltoa.asm
                     jDo6   0x00687e    program     static C:\Program Files\Microchip\mplabc18\v3.37\src\traditional\stdclib\ltoa.asm
                     jDo7   0x00687a    program     static C:\Program Files\Microchip\mplabc18\v3.37\src\traditional\stdclib\ltoa.asm
                     jDo8   0x006876    program     static C:\Program Files\Microchip\mplabc18\v3.37\src\traditional\stdclib\ltoa.asm
                     jDo9   0x006872    program     static C:\Program Files\Microchip\mplabc18\v3.37\src\traditional\stdclib\ltoa.asm
                      jEQ   0x005eaa    program     static C:\Program Files\Microchip\mplabc18\v3.37\src\traditional\math\compFP.asm
                     jEnd   0x006946    program     static C:\Program Files\Microchip\mplabc18\v3.37\src\traditional\stdclib\ltobcd.asm
                     jEnd   0x00698e    program     static C:\Program Files\Microchip\mplabc18\v3.37\src\traditional\stdclib\memset.asm
                     jEnd   0x006a0e    program     static C:\Program Files\Microchip\mplabc18\v3.37\src\traditional\stdclib\scatp2r.asm
                     jEnd   0x006a82    program     static C:\Program Files\Microchip\mplabc18\v3.37\src\traditional\stdclib\scpyp2r.asm
                     jEnd   0x006a9e    program     static C:\Program Files\Microchip\mplabc18\v3.37\src\traditional\stdclib\strlen.asm
                     jEnd   0x006af0    program     static C:\Program Files\Microchip\mplabc18\v3.37\src\traditional\stdclib\strncat.asm
                     jEnd   0x006b38    program     static C:\Program Files\Microchip\mplabc18\v3.37\src\traditional\stdclib\slenpgm.asm
                     jEnd   0x00679c    program     static C:\Program Files\Microchip\mplabc18\v3.37\src\traditional\stdclib\itobcd.asm
                    jExch   0x005eb6    program     static C:\Program Files\Microchip\mplabc18\v3.37\src\traditional\math\compFP.asm
                    jExit   0x005e4a    program     static C:\Program Files\Microchip\mplabc18\v3.37\src\traditional\math\castFP32.asm
                    jExit   0x005ddc    program     static C:\Program Files\Microchip\mplabc18\v3.37\src\traditional\math\castFP16.asm
                   jExpEQ   0x005efc    program     static C:\Program Files\Microchip\mplabc18\v3.37\src\traditional\math\compFP.asm
                   jFinal   0x005ee0    program     static C:\Program Files\Microchip\mplabc18\v3.37\src\traditional\math\compFP.asm
               jFinalSign   0x005b1a    program     static C:\Program Files\Microchip\mplabc18\v3.37\src\traditional\math\addFP.asm
                jHaveZero   0x005bfc    program     static C:\Program Files\Microchip\mplabc18\v3.37\src\traditional\math\mulFP.asm
                jI2F16Beg   0x0059a8    program     static C:\Program Files\Microchip\mplabc18\v3.37\src\traditional\math\cast16FP.asm
                jI2F32Beg   0x0059da    program     static C:\Program Files\Microchip\mplabc18\v3.37\src\traditional\math\cast32FP.asm
                    jLoop   0x005dbc    program     static C:\Program Files\Microchip\mplabc18\v3.37\src\traditional\math\castFP16.asm
                    jLoop   0x006b20    program     static C:\Program Files\Microchip\mplabc18\v3.37\src\traditional\stdclib\slenpgm.asm
                    jLoop   0x006ace    program     static C:\Program Files\Microchip\mplabc18\v3.37\src\traditional\stdclib\strncat.asm
                    jLoop   0x006a94    program     static C:\Program Files\Microchip\mplabc18\v3.37\src\traditional\stdclib\strlen.asm
                    jLoop   0x006a78    program     static C:\Program Files\Microchip\mplabc18\v3.37\src\traditional\stdclib\scpyp2r.asm
                    jLoop   0x006a38    program     static C:\Program Files\Microchip\mplabc18\v3.37\src\traditional\stdclib\strcpy.asm
                    jLoop   0x006a04    program     static C:\Program Files\Microchip\mplabc18\v3.37\src\traditional\stdclib\scatp2r.asm
                    jLoop   0x0069be    program     static C:\Program Files\Microchip\mplabc18\v3.37\src\traditional\stdclib\strcat.asm
                    jLoop   0x005e1e    program     static C:\Program Files\Microchip\mplabc18\v3.37\src\traditional\math\castFP32.asm
                    jLoop   0x006970    program     static C:\Program Files\Microchip\mplabc18\v3.37\src\traditional\stdclib\memset.asm
                    jLoop   0x006908    program     static C:\Program Files\Microchip\mplabc18\v3.37\src\traditional\stdclib\ltobcd.asm
                    jLoop   0x005b7c    program     static C:\Program Files\Microchip\mplabc18\v3.37\src\traditional\math\divFP.asm
                    jLoop   0x006776    program     static C:\Program Files\Microchip\mplabc18\v3.37\src\traditional\stdclib\itobcd.asm
                jLoopExit   0x005e32    program     static C:\Program Files\Microchip\mplabc18\v3.37\src\traditional\math\castFP32.asm
                jLoopExit   0x005dcc    program     static C:\Program Files\Microchip\mplabc18\v3.37\src\traditional\math\castFP16.asm
                   jMatch   0x006f9e    program     static C:\Program Files\Microchip\mplabc18\v3.37\src\traditional\stdclib\isdigit.asm
                   jMatch   0x006f7a    program     static C:\Program Files\Microchip\mplabc18\v3.37\src\traditional\stdclib\ispunct.asm
                     jMax   0x005d90    program     static C:\Program Files\Microchip\mplabc18\v3.37\src\traditional\math\castFP16.asm
                     jMax   0x005dee    program     static C:\Program Files\Microchip\mplabc18\v3.37\src\traditional\math\castFP32.asm
                  jMaxNeg   0x005e00    program     static C:\Program Files\Microchip\mplabc18\v3.37\src\traditional\math\castFP32.asm
                  jMaxNeg   0x005d9e    program     static C:\Program Files\Microchip\mplabc18\v3.37\src\traditional\math\castFP16.asm
                  jMaxPos   0x005d94    program     static C:\Program Files\Microchip\mplabc18\v3.37\src\traditional\math\castFP16.asm
                  jMaxPos   0x005df2    program     static C:\Program Files\Microchip\mplabc18\v3.37\src\traditional\math\castFP32.asm
                      jNE   0x005eae    program     static C:\Program Files\Microchip\mplabc18\v3.37\src\traditional\math\compFP.asm
                    jNext   0x005ba2    program     static C:\Program Files\Microchip\mplabc18\v3.37\src\traditional\math\divFP.asm
                jNoAdjust   0x005ba0    program     static C:\Program Files\Microchip\mplabc18\v3.37\src\traditional\math\divFP.asm
                  jNoExch   0x005ed6    program     static C:\Program Files\Microchip\mplabc18\v3.37\src\traditional\math\compFP.asm
                 jNoMatch   0x006fa0    program     static C:\Program Files\Microchip\mplabc18\v3.37\src\traditional\stdclib\isdigit.asm
                 jNoMatch   0x006f7c    program     static C:\Program Files\Microchip\mplabc18\v3.37\src\traditional\stdclib\ispunct.asm
             jNotBothZero   0x005a44    program     static C:\Program Files\Microchip\mplabc18\v3.37\src\traditional\math\addFP.asm
                  jNotInf   0x005e0c    program     static C:\Program Files\Microchip\mplabc18\v3.37\src\traditional\math\castFP32.asm
                  jNotInf   0x005dac    program     static C:\Program Files\Microchip\mplabc18\v3.37\src\traditional\math\castFP16.asm
                jNullLoop   0x0069fe    program     static C:\Program Files\Microchip\mplabc18\v3.37\src\traditional\stdclib\scatp2r.asm
                jNullLoop   0x0069b8    program     static C:\Program Files\Microchip\mplabc18\v3.37\src\traditional\stdclib\strcat.asm
                jNullLoop   0x006ac8    program     static C:\Program Files\Microchip\mplabc18\v3.37\src\traditional\stdclib\strncat.asm
                  jPkLoop   0x005f60    program     static C:\Program Files\Microchip\mplabc18\v3.37\src\traditional\math\packFP.asm
             jPkRoundDone   0x005faa    program     static C:\Program Files\Microchip\mplabc18\v3.37\src\traditional\math\packFP.asm
               jPkRoundIt   0x005f92    program     static C:\Program Files\Microchip\mplabc18\v3.37\src\traditional\math\packFP.asm
             jPkShiftDone   0x005f7c    program     static C:\Program Files\Microchip\mplabc18\v3.37\src\traditional\math\packFP.asm
           jReturnPosInf0   0x005f36    program     static C:\Program Files\Microchip\mplabc18\v3.37\src\traditional\math\packFP.asm
                  jRotate   0x005f08    program     static C:\Program Files\Microchip\mplabc18\v3.37\src\traditional\math\compFP.asm
                   jShift   0x005ef2    program     static C:\Program Files\Microchip\mplabc18\v3.37\src\traditional\math\compFP.asm
               jShiftDone   0x005ada    program     static C:\Program Files\Microchip\mplabc18\v3.37\src\traditional\math\addFP.asm
               jShiftLoop   0x005acc    program     static C:\Program Files\Microchip\mplabc18\v3.37\src\traditional\math\addFP.asm
                jSignDone   0x005b0a    program     static C:\Program Files\Microchip\mplabc18\v3.37\src\traditional\math\addFP.asm
              jSignedZero   0x005b4a    program     static C:\Program Files\Microchip\mplabc18\v3.37\src\traditional\math\divFP.asm
                 jSignsEQ   0x005e92    program     static C:\Program Files\Microchip\mplabc18\v3.37\src\traditional\math\compFP.asm
                    jTerm   0x006aee    program     static C:\Program Files\Microchip\mplabc18\v3.37\src\traditional\stdclib\strncat.asm
                jTstLowZ1   0x006748    program     static C:\Program Files\Microchip\mplabc18\v3.37\src\traditional\stdclib\itoa.asm
                jTstLowZ1   0x0068d6    program     static C:\Program Files\Microchip\mplabc18\v3.37\src\traditional\stdclib\ltoa.asm
                jTstSign1   0x0066aa    program     static C:\Program Files\Microchip\mplabc18\v3.37\src\traditional\stdclib\itoa.asm
                jTstSign1   0x0067f6    program     static C:\Program Files\Microchip\mplabc18\v3.37\src\traditional\stdclib\ltoa.asm
                  jUnpkA1   0x005fd4    program     static C:\Program Files\Microchip\mplabc18\v3.37\src\traditional\math\UnpackFP.asm
                  jUnpkA2   0x005fec    program     static C:\Program Files\Microchip\mplabc18\v3.37\src\traditional\math\UnpackFP.asm
                 jUnpkANZ   0x005fe2    program     static C:\Program Files\Microchip\mplabc18\v3.37\src\traditional\math\UnpackFP.asm
                  jUnpkB1   0x006004    program     static C:\Program Files\Microchip\mplabc18\v3.37\src\traditional\math\UnpackFP.asm
                  jUnpkB2   0x00601c    program     static C:\Program Files\Microchip\mplabc18\v3.37\src\traditional\math\UnpackFP.asm
                 jUnpkBNZ   0x006012    program     static C:\Program Files\Microchip\mplabc18\v3.37\src\traditional\math\UnpackFP.asm
                 jUnpkNaN   0x005ff6    program     static C:\Program Files\Microchip\mplabc18\v3.37\src\traditional\math\UnpackFP.asm
                 jWNotNeg   0x005ac6    program     static C:\Program Files\Microchip\mplabc18\v3.37\src\traditional\math\addFP.asm
                   jWr123   0x005df8    program     static C:\Program Files\Microchip\mplabc18\v3.37\src\traditional\math\castFP32.asm
                  jWrZ123   0x005e08    program     static C:\Program Files\Microchip\mplabc18\v3.37\src\traditional\math\castFP32.asm
                    jZero   0x005da6    program     static C:\Program Files\Microchip\mplabc18\v3.37\src\traditional\math\castFP16.asm
                    jZero   0x005e06    program     static C:\Program Files\Microchip\mplabc18\v3.37\src\traditional\math\castFP32.asm
               jZero1and2   0x005f3a    program     static C:\Program Files\Microchip\mplabc18\v3.37\src\traditional\math\packFP.asm
                     loop   0x007276    program     static                          
                     loop   0x0073ee    program     static                          
                     loop   0x00747c    program     static C:\Program Files\Microchip\mplabc18\v3.37\src\pmc_common\USART\_usartpc.asm
                     loop   0x007460    program     static                          
                   loop_h   0x00743e    program     static C:\Program Files\Microchip\mplabc18\v3.37\src\traditional\proc\p18F4550.asm
                   loop_l   0x007448    program     static C:\Program Files\Microchip\mplabc18\v3.37\src\traditional\proc\p18F4550.asm
                   ltoBCD   0x0068ec    program     extern C:\Program Files\Microchip\mplabc18\v3.37\src\traditional\stdclib\ltobcd.asm
                     ltoa   0x0067b2    program     extern C:\Program Files\Microchip\mplabc18\v3.37\src\traditional\stdclib\ltoa.asm
          mInitConversion   0x003e9c    program     extern E:\Work\PRODUCTS\PEDALOG\PIC program\USB Pedalog_2010_12_23\user.c
              mInitEEPROM   0x0042da    program     extern E:\Work\PRODUCTS\PEDALOG\PIC program\USB Pedalog_2010_12_23\user.c
          mInitInterrupts   0x003ddc    program     extern E:\Work\PRODUCTS\PEDALOG\PIC program\USB Pedalog_2010_12_23\user.c
                 mInitLCD   0x003e02    program     extern E:\Work\PRODUCTS\PEDALOG\PIC program\USB Pedalog_2010_12_23\user.c
                 mInitSPI   0x0042d6    program     extern E:\Work\PRODUCTS\PEDALOG\PIC program\USB Pedalog_2010_12_23\user.c
                     main   0x002318    program     extern E:\Work\PRODUCTS\PEDALOG\PIC program\USB Pedalog_2010_12_23\main.c
           max_count_HISR   0x00748b    program     extern E:\Work\PRODUCTS\PEDALOG\PIC program\USB Pedalog_2010_12_23\user.c
                   memset   0x00695c    program     extern C:\Program Files\Microchip\mplabc18\v3.37\src\traditional\stdclib\memset.asm
                     null   0x006f19    program     extern E:\Work\PRODUCTS\PEDALOG\PIC program\USB Pedalog_2010_12_23\main.c
                    nulls   0x006f1b    program     extern E:\Work\PRODUCTS\PEDALOG\PIC program\USB Pedalog_2010_12_23\main.c
                     putc   0x006e22    program     extern C:\Program Files\Microchip\mplabc18\v3.37\src\traditional\stdclib\putc.c
                putrsXLCD   0x007012    program     extern C:\Program Files\Microchip\mplabc18\v3.37\src\pmc_common\XLCD\putrxlcd.c
[...]
                 PIE1bits   0x000f9d       data     extern C:\Program Files\Microchip\mplabc18\v3.37\src\traditional\proc\p18F4550.asm
                     PIE1   0x000f9d       data     extern C:\Program Files\Microchip\mplabc18\v3.37\src\traditional\proc\p18F4550.asm
                     PIR1   0x000f9e       data     extern C:\Program Files\Microchip\mplabc18\v3.37\src\traditional\proc\p18F4550.asm
                 PIR1bits   0x000f9e       data     extern C:\Program Files\Microchip\mplabc18\v3.37\src\traditional\proc\p18F4550.asm
                     IPR1   0x000f9f       data     extern C:\Program Files\Microchip\mplabc18\v3.37\src\traditional\proc\p18F4550.asm
                 IPR1bits   0x000f9f       data     extern C:\Program Files\Microchip\mplabc18\v3.37\src\traditional\proc\p18F4550.asm
                     PIE2   0x000fa0       data     extern C:\Program Files\Microchip\mplabc18\v3.37\src\traditional\proc\p18F4550.asm
                 PIE2bits   0x000fa0       data     extern C:\Program Files\Microchip\mplabc18\v3.37\src\traditional\proc\p18F4550.asm
                     PIR2   0x000fa1       data     extern C:\Program Files\Microchip\mplabc18\v3.37\src\traditional\proc\p18F4550.asm
                 PIR2bits   0x000fa1       data     extern C:\Program Files\Microchip\mplabc18\v3.37\src\traditional\proc\p18F4550.asm
                     IPR2   0x000fa2       data     extern C:\Program Files\Microchip\mplabc18\v3.37\src\traditional\proc\p18F4550.asm
                 IPR2bits   0x000fa2       data     extern C:\Program Files\Microchip\mplabc18\v3.37\src\traditional\proc\p18F4550.asm
               EECON1bits   0x000fa6       data     extern C:\Program Files\Microchip\mplabc18\v3.37\src\traditional\proc\p18F4550.asm
                   EECON1   0x000fa6       data     extern C:\Program Files\Microchip\mplabc18\v3.37\src\traditional\proc\p18F4550.asm
                   EECON2   0x000fa7       data     extern C:\Program Files\Microchip\mplabc18\v3.37\src\traditional\proc\p18F4550.asm
                   EEDATA   0x000fa8       data     extern C:\Program Files\Microchip\mplabc18\v3.37\src\traditional\proc\p18F4550.asm
                    EEADR   0x000fa9       data     extern C:\Program Files\Microchip\mplabc18\v3.37\src\traditional\proc\p18F4550.asm
                    RCSTA   0x000fab       data     extern C:\Program Files\Microchip\mplabc18\v3.37\src\traditional\proc\p18F4550.asm
                RCSTAbits   0x000fab       data     extern C:\Program Files\Microchip\mplabc18\v3.37\src\traditional\proc\p18F4550.asm
                TXSTAbits   0x000fac       data     extern C:\Program Files\Microchip\mplabc18\v3.37\src\traditional\proc\p18F4550.asm
                    TXSTA   0x000fac       data     extern C:\Program Files\Microchip\mplabc18\v3.37\src\traditional\proc\p18F4550.asm
                    TXREG   0x000fad       data     extern C:\Program Files\Microchip\mplabc18\v3.37\src\traditional\proc\p18F4550.asm
                    RCREG   0x000fae       data     extern C:\Program Files\Microchip\mplabc18\v3.37\src\traditional\proc\p18F4550.asm
                    SPBRG   0x000faf       data     extern C:\Program Files\Microchip\mplabc18\v3.37\src\traditional\proc\p18F4550.asm
                   SPBRGH   0x000fb0       data     extern C:\Program Files\Microchip\mplabc18\v3.37\src\traditional\proc\p18F4550.asm
                    T3CON   0x000fb1       data     extern C:\Program Files\Microchip\mplabc18\v3.37\src\traditional\proc\p18F4550.asm
                T3CONbits   0x000fb1       data     extern C:\Program Files\Microchip\mplabc18\v3.37\src\traditional\proc\p18F4550.asm
                    TMR3L   0x000fb2       data     extern C:\Program Files\Microchip\mplabc18\v3.37\src\traditional\proc\p18F4550.asm
                    TMR3H   0x000fb3       data     extern C:\Program Files\Microchip\mplabc18\v3.37\src\traditional\proc\p18F4550.asm
                    CMCON   0x000fb4       data     extern C:\Program Files\Microchip\mplabc18\v3.37\src\traditional\proc\p18F4550.asm
                CMCONbits   0x000fb4       data     extern C:\Program Files\Microchip\mplabc18\v3.37\src\traditional\proc\p18F4550.asm
                   CVRCON   0x000fb5       data     extern C:\Program Files\Microchip\mplabc18\v3.37\src\traditional\proc\p18F4550.asm
               CVRCONbits   0x000fb5       data     extern C:\Program Files\Microchip\mplabc18\v3.37\src\traditional\proc\p18F4550.asm
               CCP1ASbits   0x000fb6       data     extern C:\Program Files\Microchip\mplabc18\v3.37\src\traditional\proc\p18F4550.asm
                   CCP1AS   0x000fb6       data     extern C:\Program Files\Microchip\mplabc18\v3.37\src\traditional\proc\p18F4550.asm
              ECCP1ASbits   0x000fb6       data     extern C:\Program Files\Microchip\mplabc18\v3.37\src\traditional\proc\p18F4550.asm
                  ECCP1AS   0x000fb6       data     extern C:\Program Files\Microchip\mplabc18\v3.37\src\traditional\proc\p18F4550.asm
             ECCP1DELbits   0x000fb7       data     extern C:\Program Files\Microchip\mplabc18\v3.37\src\traditional\proc\p18F4550.asm
                 ECCP1DEL   0x000fb7       data     extern C:\Program Files\Microchip\mplabc18\v3.37\src\traditional\proc\p18F4550.asm
              CCP1DELbits   0x000fb7       data     extern C:\Program Files\Microchip\mplabc18\v3.37\src\traditional\proc\p18F4550.asm
                  CCP1DEL   0x000fb7       data     extern C:\Program Files\Microchip\mplabc18\v3.37\src\traditional\proc\p18F4550.asm
              BAUDCTLbits   0x000fb8       data     extern C:\Program Files\Microchip\mplabc18\v3.37\src\traditional\proc\p18F4550.asm
                  BAUDCTL   0x000fb8       data     extern C:\Program Files\Microchip\mplabc18\v3.37\src\traditional\proc\p18F4550.asm
              BAUDCONbits   0x000fb8       data     extern C:\Program Files\Microchip\mplabc18\v3.37\src\traditional\proc\p18F4550.asm
                  BAUDCON   0x000fb8       data     extern C:\Program Files\Microchip\mplabc18\v3.37\src\traditional\proc\p18F4550.asm
                  CCP2CON   0x000fba       data     extern C:\Program Files\Microchip\mplabc18\v3.37\src\traditional\proc\p18F4550.asm
              CCP2CONbits   0x000fba       data     extern C:\Program Files\Microchip\mplabc18\v3.37\src\traditional\proc\p18F4550.asm
                   CCPR2L   0x000fbb       data     extern C:\Program Files\Microchip\mplabc18\v3.37\src\traditional\proc\p18F4550.asm
                    CCPR2   0x000fbb       data     extern C:\Program Files\Microchip\mplabc18\v3.37\src\traditional\proc\p18F4550.asm
                   CCPR2H   0x000fbc       data     extern C:\Program Files\Microchip\mplabc18\v3.37\src\traditional\proc\p18F4550.asm
                  CCP1CON   0x000fbd       data     extern C:\Program Files\Microchip\mplabc18\v3.37\src\traditional\proc\p18F4550.asm
              CCP1CONbits   0x000fbd       data     extern C:\Program Files\Microchip\mplabc18\v3.37\src\traditional\proc\p18F4550.asm
             ECCP1CONbits   0x000fbd       data     extern C:\Program Files\Microchip\mplabc18\v3.37\src\traditional\proc\p18F4550.asm
                 ECCP1CON   0x000fbd       data     extern C:\Program Files\Microchip\mplabc18\v3.37\src\traditional\proc\p18F4550.asm
                   CCPR1L   0x000fbe       data     extern C:\Program Files\Microchip\mplabc18\v3.37\src\traditional\proc\p18F4550.asm
                    CCPR1   0x000fbe       data     extern C:\Program Files\Microchip\mplabc18\v3.37\src\traditional\proc\p18F4550.asm
                   CCPR1H   0x000fbf       data     extern C:\Program Files\Microchip\mplabc18\v3.37\src\traditional\proc\p18F4550.asm
                   ADCON2   0x000fc0       data     extern C:\Program Files\Microchip\mplabc18\v3.37\src\traditional\proc\p18F4550.asm
               ADCON2bits   0x000fc0       data     extern C:\Program Files\Microchip\mplabc18\v3.37\src\traditional\proc\p18F4550.asm
               ADCON1bits   0x000fc1       data     extern C:\Program Files\Microchip\mplabc18\v3.37\src\traditional\proc\p18F4550.asm
                   ADCON1   0x000fc1       data     extern C:\Program Files\Microchip\mplabc18\v3.37\src\traditional\proc\p18F4550.asm
                   ADCON0   0x000fc2       data     extern C:\Program Files\Microchip\mplabc18\v3.37\src\traditional\proc\p18F4550.asm
               ADCON0bits   0x000fc2       data     extern C:\Program Files\Microchip\mplabc18\v3.37\src\traditional\proc\p18F4550.asm
                    ADRES   0x000fc3       data     extern C:\Program Files\Microchip\mplabc18\v3.37\src\traditional\proc\p18F4550.asm
                   ADRESL   0x000fc3       data     extern C:\Program Files\Microchip\mplabc18\v3.37\src\traditional\proc\p18F4550.asm
                   ADRESH   0x000fc4       data     extern C:\Program Files\Microchip\mplabc18\v3.37\src\traditional\proc\p18F4550.asm
                  SSPCON2   0x000fc5       data     extern C:\Program Files\Microchip\mplabc18\v3.37\src\traditional\proc\p18F4550.asm
              SSPCON2bits   0x000fc5       data     extern C:\Program Files\Microchip\mplabc18\v3.37\src\traditional\proc\p18F4550.asm
                  SSPCON1   0x000fc6       data     extern C:\Program Files\Microchip\mplabc18\v3.37\src\traditional\proc\p18F4550.asm
              SSPCON1bits   0x000fc6       data     extern C:\Program Files\Microchip\mplabc18\v3.37\src\traditional\proc\p18F4550.asm
                  SSPSTAT   0x000fc7       data     extern C:\Program Files\Microchip\mplabc18\v3.37\src\traditional\proc\p18F4550.asm
              SSPSTATbits   0x000fc7       data     extern C:\Program Files\Microchip\mplabc18\v3.37\src\traditional\proc\p18F4550.asm
                   SSPADD   0x000fc8       data     extern C:\Program Files\Microchip\mplabc18\v3.37\src\traditional\proc\p18F4550.asm
                   SSPBUF   0x000fc9       data     extern C:\Program Files\Microchip\mplabc18\v3.37\src\traditional\proc\p18F4550.asm
                    T2CON   0x000fca       data     extern C:\Program Files\Microchip\mplabc18\v3.37\src\traditional\proc\p18F4550.asm
                T2CONbits   0x000fca       data     extern C:\Program Files\Microchip\mplabc18\v3.37\src\traditional\proc\p18F4550.asm
                      PR2   0x000fcb       data     extern C:\Program Files\Microchip\mplabc18\v3.37\src\traditional\proc\p18F4550.asm
                     TMR2   0x000fcc       data     extern C:\Program Files\Microchip\mplabc18\v3.37\src\traditional\proc\p18F4550.asm
                T1CONbits   0x000fcd       data     extern C:\Program Files\Microchip\mplabc18\v3.37\src\traditional\proc\p18F4550.asm
                    T1CON   0x000fcd       data     extern C:\Program Files\Microchip\mplabc18\v3.37\src\traditional\proc\p18F4550.asm
                    TMR1L   0x000fce       data     extern C:\Program Files\Microchip\mplabc18\v3.37\src\traditional\proc\p18F4550.asm
                    TMR1H   0x000fcf       data     extern C:\Program Files\Microchip\mplabc18\v3.37\src\traditional\proc\p18F4550.asm
                     RCON   0x000fd0       data     extern C:\Program Files\Microchip\mplabc18\v3.37\src\traditional\proc\p18F4550.asm
                 RCONbits   0x000fd0       data     extern C:\Program Files\Microchip\mplabc18\v3.37\src\traditional\proc\p18F4550.asm
               WDTCONbits   0x000fd1       data     extern C:\Program Files\Microchip\mplabc18\v3.37\src\traditional\proc\p18F4550.asm
                   WDTCON   0x000fd1       data     extern C:\Program Files\Microchip\mplabc18\v3.37\src\traditional\proc\p18F4550.asm
               LVDCONbits   0x000fd2       data     extern C:\Program Files\Microchip\mplabc18\v3.37\src\traditional\proc\p18F4550.asm
                   LVDCON   0x000fd2       data     extern C:\Program Files\Microchip\mplabc18\v3.37\src\traditional\proc\p18F4550.asm
              HLVDCONbits   0x000fd2       data     extern C:\Program Files\Microchip\mplabc18\v3.37\src\traditional\proc\p18F4550.asm
                  HLVDCON   0x000fd2       data     extern C:\Program Files\Microchip\mplabc18\v3.37\src\traditional\proc\p18F4550.asm
               OSCCONbits   0x000fd3       data     extern C:\Program Files\Microchip\mplabc18\v3.37\src\traditional\proc\p18F4550.asm
                   OSCCON   0x000fd3       data     extern C:\Program Files\Microchip\mplabc18\v3.37\src\traditional\proc\p18F4550.asm
                    T0CON   0x000fd5       data     extern C:\Program Files\Microchip\mplabc18\v3.37\src\traditional\proc\p18F4550.asm
                T0CONbits   0x000fd5       data     extern C:\Program Files\Microchip\mplabc18\v3.37\src\traditional\proc\p18F4550.asm
                    TMR0L   0x000fd6       data     extern C:\Program Files\Microchip\mplabc18\v3.37\src\traditional\proc\p18F4550.asm
                    TMR0H   0x000fd7       data     extern C:\Program Files\Microchip\mplabc18\v3.37\src\traditional\proc\p18F4550.asm
                   STATUS   0x000fd8       data     extern C:\Program Files\Microchip\mplabc18\v3.37\src\traditional\proc\p18F4550.asm
               STATUSbits   0x000fd8       data     extern C:\Program Files\Microchip\mplabc18\v3.37\src\traditional\proc\p18F4550.asm
                    FSR2L   0x000fd9       data     extern C:\Program Files\Microchip\mplabc18\v3.37\src\traditional\proc\p18F4550.asm
                     FSR2   0x000fd9       data     extern C:\Program Files\Microchip\mplabc18\v3.37\src\traditional\proc\p18F4550.asm
                    FSR2H   0x000fda       data     extern C:\Program Files\Microchip\mplabc18\v3.37\src\traditional\proc\p18F4550.asm
                   PLUSW2   0x000fdb       data     extern C:\Program Files\Microchip\mplabc18\v3.37\src\traditional\proc\p18F4550.asm
                  PREINC2   0x000fdc       data     extern C:\Program Files\Microchip\mplabc18\v3.37\src\traditional\proc\p18F4550.asm
                 POSTDEC2   0x000fdd       data     extern C:\Program Files\Microchip\mplabc18\v3.37\src\traditional\proc\p18F4550.asm
                 POSTINC2   0x000fde       data     extern C:\Program Files\Microchip\mplabc18\v3.37\src\traditional\proc\p18F4550.asm
                    INDF2   0x000fdf       data     extern C:\Program Files\Microchip\mplabc18\v3.37\src\traditional\proc\p18F4550.asm
                      BSR   0x000fe0       data     extern C:\Program Files\Microchip\mplabc18\v3.37\src\traditional\proc\p18F4550.asm
                    FSR1L   0x000fe1       data     extern C:\Program Files\Microchip\mplabc18\v3.37\src\traditional\proc\p18F4550.asm
                     FSR1   0x000fe1       data     extern C:\Program Files\Microchip\mplabc18\v3.37\src\traditional\proc\p18F4550.asm
                    FSR1H   0x000fe2       data     extern C:\Program Files\Microchip\mplabc18\v3.37\src\traditional\proc\p18F4550.asm
                   PLUSW1   0x000fe3       data     extern C:\Program Files\Microchip\mplabc18\v3.37\src\traditional\proc\p18F4550.asm
                  PREINC1   0x000fe4       data     extern C:\Program Files\Microchip\mplabc18\v3.37\src\traditional\proc\p18F4550.asm
                 POSTDEC1   0x000fe5       data     extern C:\Program Files\Microchip\mplabc18\v3.37\src\traditional\proc\p18F4550.asm
                 POSTINC1   0x000fe6       data     extern C:\Program Files\Microchip\mplabc18\v3.37\src\traditional\proc\p18F4550.asm
                    INDF1   0x000fe7       data     extern C:\Program Files\Microchip\mplabc18\v3.37\src\traditional\proc\p18F4550.asm
                     WREG   0x000fe8       data     extern C:\Program Files\Microchip\mplabc18\v3.37\src\traditional\proc\p18F4550.asm
                     FSR0   0x000fe9       data     extern C:\Program Files\Microchip\mplabc18\v3.37\src\traditional\proc\p18F4550.asm
                    FSR0L   0x000fe9       data     extern C:\Program Files\Microchip\mplabc18\v3.37\src\traditional\proc\p18F4550.asm
                    FSR0H   0x000fea       data     extern C:\Program Files\Microchip\mplabc18\v3.37\src\traditional\proc\p18F4550.asm
                   PLUSW0   0x000feb       data     extern C:\Program Files\Microchip\mplabc18\v3.37\src\traditional\proc\p18F4550.asm
                  PREINC0   0x000fec       data     extern C:\Program Files\Microchip\mplabc18\v3.37\src\traditional\proc\p18F4550.asm
                 POSTDEC0   0x000fed       data     extern C:\Program Files\Microchip\mplabc18\v3.37\src\traditional\proc\p18F4550.asm
                 POSTINC0   0x000fee       data     extern C:\Program Files\Microchip\mplabc18\v3.37\src\traditional\proc\p18F4550.asm
                    INDF0   0x000fef       data     extern C:\Program Files\Microchip\mplabc18\v3.37\src\traditional\proc\p18F4550.asm
              INTCON3bits   0x000ff0       data     extern C:\Program Files\Microchip\mplabc18\v3.37\src\traditional\proc\p18F4550.asm
                  INTCON3   0x000ff0       data     extern C:\Program Files\Microchip\mplabc18\v3.37\src\traditional\proc\p18F4550.asm
              INTCON2bits   0x000ff1       data     extern C:\Program Files\Microchip\mplabc18\v3.37\src\traditional\proc\p18F4550.asm
                  INTCON2   0x000ff1       data     extern C:\Program Files\Microchip\mplabc18\v3.37\src\traditional\proc\p18F4550.asm
               INTCONbits   0x000ff2       data     extern C:\Program Files\Microchip\mplabc18\v3.37\src\traditional\proc\p18F4550.asm
                   INTCON   0x000ff2       data     extern C:\Program Files\Microchip\mplabc18\v3.37\src\traditional\proc\p18F4550.asm
                     PROD   0x000ff3       data     extern C:\Program Files\Microchip\mplabc18\v3.37\src\traditional\proc\p18F4550.asm
                    PRODL   0x000ff3       data     extern C:\Program Files\Microchip\mplabc18\v3.37\src\traditional\proc\p18F4550.asm
                    PRODH   0x000ff4       data     extern C:\Program Files\Microchip\mplabc18\v3.37\src\traditional\proc\p18F4550.asm
                   TABLAT   0x000ff5       data     extern C:\Program Files\Microchip\mplabc18\v3.37\src\traditional\proc\p18F4550.asm
                  TBLPTRL   0x000ff6       data     extern C:\Program Files\Microchip\mplabc18\v3.37\src\traditional\proc\p18F4550.asm
                   TBLPTR   0x000ff6       data     extern C:\Program Files\Microchip\mplabc18\v3.37\src\traditional\proc\p18F4550.asm
                  TBLPTRH   0x000ff7       data     extern C:\Program Files\Microchip\mplabc18\v3.37\src\traditional\proc\p18F4550.asm
                  TBLPTRU   0x000ff8       data     extern C:\Program Files\Microchip\mplabc18\v3.37\src\traditional\proc\p18F4550.asm
                       PC   0x000ff9       data     extern C:\Program Files\Microchip\mplabc18\v3.37\src\traditional\proc\p18F4550.asm
                      PCL   0x000ff9       data     extern C:\Program Files\Microchip\mplabc18\v3.37\src\traditional\proc\p18F4550.asm
                   PCLATH   0x000ffa       data     extern C:\Program Files\Microchip\mplabc18\v3.37\src\traditional\proc\p18F4550.asm
                   PCLATU   0x000ffb       data     extern C:\Program Files\Microchip\mplabc18\v3.37\src\traditional\proc\p18F4550.asm
                   STKPTR   0x000ffc       data     extern C:\Program Files\Microchip\mplabc18\v3.37\src\traditional\proc\p18F4550.asm
               STKPTRbits   0x000ffc       data     extern C:\Program Files\Microchip\mplabc18\v3.37\src\traditional\proc\p18F4550.asm
                      TOS   0x000ffd       data     extern C:\Program Files\Microchip\mplabc18\v3.37\src\traditional\proc\p18F4550.asm
                     TOSL   0x000ffd       data     extern C:\Program Files\Microchip\mplabc18\v3.37\src\traditional\proc\p18F4550.asm
                     TOSH   0x000ffe       data     extern C:\Program Files\Microchip\mplabc18\v3.37\src\traditional\proc\p18F4550.asm
                     TOSU   0x000fff       data     extern C:\Program Files\Microchip\mplabc18\v3.37\src\traditional\proc\p18F4550.asm


